
Merging object attributes


Discarded input sections

 .comment       0x00000000      0xb4a obj/MLUAR.o
 .note.GNU-stack
                0x00000000        0x0 obj/MLUAR.o
 .init.weak_crt
                0x00000000       0x10 obj/MLUAR.o
 .text          0x00000000        0x0 obj/crt0.o
 .data          0x00000000        0x0 obj/crt0.o
 .bss           0x00000000        0x0 obj/crt0.o

Memory Configuration

Name             Origin             Length             Attributes
prgm             0x00d1a87f         0x00400000
bss              0x00d052c6         0x0000ed12
*default*        0x00000000         0xffffffff

Linker script and memory map

                0x00d1a87f                        LOAD_ADDR = 0xd1a87f
                0x00d052c6                        BSSHEAP_LOW = 0xd052c6
                0x00d13fd8                        BSSHEAP_HIGH = 0xd13fd8
                0x00d1a87e                        STACK_HIGH = 0xd1a87e
                0x00000001                        __TICE__ = 0x1
                0x00d1a87f                        . = LOAD_ADDR

.header         0x00d1a87f       0x21
 *(.header)
 .header        0x00d1a87f        0x3 obj/crt0.o
 *(.header.icon)
 .header.icon   0x00d1a882       0x1e obj/MLUAR.o
                0x00d1a887                ___description

.init           0x00d1a8a0      0x12e
 *(.init)
 .init          0x00d1a8a0      0x12e obj/crt0.o
                0x00d1a8a0                __start
                0x00d1a8fd                __libload_library_GRAPHX
                0x00d1a906                _gfx_Begin
                0x00d1a90a                _gfx_End
                0x00d1a90e                _gfx_SetColor
                0x00d1a912                _gfx_FillScreen
                0x00d1a916                _gfx_SetPixel
                0x00d1a91a                _gfx_SetDraw
                0x00d1a91e                _gfx_SwapDraw
                0x00d1a922                _gfx_PrintStringXY
                0x00d1a926                _gfx_SetTextBGColor
                0x00d1a92a                _gfx_SetTextFGColor
                0x00d1a92e                _gfx_Line
                0x00d1a932                _gfx_Circle
                0x00d1a936                _gfx_FillCircle
                0x00d1a93a                _gfx_Rectangle
                0x00d1a93e                _gfx_FillRectangle
                0x00d1a992                ___exithl
                0x00d1a993                _exit.sp

.text           0x00d1a9ce    0x18f69
 *(.text.unlikely .text.*_unlikely .text.unlikely.*)
 *(.text.exit .text.exit.*)
 *(.text.startup .text.startup.*)
 *(.text.hot .text.hot.*)
 *(SORT_BY_NAME(.text.sorted.*))
 *(.text .stub .text.* .gnu.linkonce.t.*)
 .text          0x00d1a9ce      0x5eb obj/MLUAR.o
                0x00d1a9ce                __land
                0x00d1a9d2                __iand
                0x00d1a9e9                __bshl
                0x00d1a9f2                __fneg
                0x00d1a9ff                __frameset
                0x00d1aa0d                __frameset0
                0x00d1aa18                __frem
                0x00d1aa30                __ftoll
                0x00d1aa30                __ftoull
                0x00d1aa3e                __imuls
                0x00d1aa3e                __imulu
                0x00d1aa6e                __indcallhl
                0x00d1aa6f                __ineg
                0x00d1aa6f                __sneg
                0x00d1aa78                __inot
                0x00d1aa78                __snot
                0x00d1aa82                __sshl
                0x00d1aa82                __ishl
                0x00d1aaa8                __ishru
                0x00d1aaad                __ishrs
                0x00d1aae9                __ladd
                0x00d1aaef                __lcmps
                0x00d1aafc                __lcmpu
                0x00d1ab04                __lcmpzero
                0x00d1ab04                __lequzero
                0x00d1ab0f                __ldivu
                0x00d1ab19                __ldivu_lremu_common
                0x00d1ab41                __lladd
                0x00d1ab65                __lland
                0x00d1aba1                __llcmps
                0x00d1abce                __llcmpu
                0x00d1abf8                __llcmpzero
                0x00d1abf8                __llequzero
                0x00d1ac0d                __lldivu
                0x00d1ac21                __lldvrmu
                0x00d1ac28                __lldvrmu.hijack
                0x00d1ac7f                __llmulu
                0x00d1acd4                __llneg
                0x00d1acd5                __llneg.hijack_nc
                0x00d1aced                __llnot
                0x00d1ad01                __llor
                0x00d1ad3d                __llshl
                0x00d1ad57                __llshru
                0x00d1ad87                __llshrs
                0x00d1adc3                __llsub
                0x00d1ade5                __lltof
                0x00d1adf8                __llxor
                0x00d1ae34                __lmuls
                0x00d1ae34                __lmulu
                0x00d1ae90                __lneg
                0x00d1ae9d                __lnot
                0x00d1aeaa                __lrems
                0x00d1aebd                __lremu
                0x00d1aec9                __lshl
                0x00d1aed6                __lshrs
                0x00d1aef0                __lshru
                0x00d1aefe                __lsub
                0x00d1af08                __lor
                0x00d1af0c                __ior
                0x00d1af23                __sand
                0x00d1af2c                __setflag
                0x00d1af36                __ulltof
                0x00d1af49                __ultof
                0x00d1af5d                __lxor
                0x00d1af61                __ixor
                0x00d1af78                __ldivs_lrems_common
                0x00d1af89                _clock
                0x00d1af94                _atomic_load_increasing_32
 .text._MLuaNextGCThreshold
                0x00d1afb9      0x13e obj/MLUAR.o
                0x00d1afb9                _MLuaNextGCThreshold
 .text._MLuaFirstObjOffset
                0x00d1b0f7       0xc0 obj/MLUAR.o
                0x00d1b0f7                _MLuaFirstObjOffset
 .text._MLuaNewConstrainedState
                0x00d1b1b7      0x16e obj/MLUAR.o
                0x00d1b1b7                _MLuaNewConstrainedState
 .text._InitStateCommon
                0x00d1b325      0x17b obj/MLUAR.o
 .text._MLuaAlloc
                0x00d1b4a0       0x6f obj/MLUAR.o
                0x00d1b4a0                _MLuaAlloc
 .text._CoreAlloc
                0x00d1b50f      0x15a obj/MLUAR.o
 .text._MLuaAllocObject
                0x00d1b669       0x7e obj/MLUAR.o
                0x00d1b669                _MLuaAllocObject
 .text._MLuaProtoNew
                0x00d1b6e7       0x5e obj/MLUAR.o
                0x00d1b6e7                _MLuaProtoNew
 .text._MLuaGetLine
                0x00d1b745       0xd9 obj/MLUAR.o
                0x00d1b745                _MLuaGetLine
 .text._MLuaIntToStr
                0x00d1b81e      0x110 obj/MLUAR.o
                0x00d1b81e                _MLuaIntToStr
 .text._MLuaDoubleToStr
                0x00d1b92e      0x362 obj/MLUAR.o
                0x00d1b92e                _MLuaDoubleToStr
 .text._MLuaValueToStr
                0x00d1bc90      0x4e0 obj/MLUAR.o
                0x00d1bc90                _MLuaValueToStr
 .text._MLuaGetIntVal
                0x00d1c170       0x35 obj/MLUAR.o
 .text._WriteHexPtr
                0x00d1c1a5      0x12a obj/MLUAR.o
 .text._MLuaStrToNumber
                0x00d1c2cf      0x514 obj/MLUAR.o
                0x00d1c2cf                _MLuaStrToNumber
 .text._MLuaStrToInt
                0x00d1c7e3      0x236 obj/MLUAR.o
                0x00d1c7e3                _MLuaStrToInt
 .text._MLuaFormat
                0x00d1ca19     0x12b1 obj/MLUAR.o
                0x00d1ca19                _MLuaFormat
 .text._FmtUnsigned
                0x00d1dcca       0xfb obj/MLUAR.o
 .text._MemCpy  0x00d1ddc5       0x46 obj/MLUAR.o
                0x00d1ddc5                _MemCpy
 .text._MemMove
                0x00d1de0b       0xa4 obj/MLUAR.o
                0x00d1de0b                _MemMove
 .text._MemCmp  0x00d1deaf       0x53 obj/MLUAR.o
                0x00d1deaf                _MemCmp
 .text._StrLen  0x00d1df02       0x2a obj/MLUAR.o
                0x00d1df02                _StrLen
 .text._MLuaClosureNew
                0x00d1df2c       0x81 obj/MLUAR.o
                0x00d1df2c                _MLuaClosureNew
 .text._MLuaUpvalueNew
                0x00d1dfad       0x47 obj/MLUAR.o
                0x00d1dfad                _MLuaUpvalueNew
 .text._MLuaFindUpvalue
                0x00d1dff4       0x90 obj/MLUAR.o
                0x00d1dff4                _MLuaFindUpvalue
 .text._MLuaCloseUpvalues
                0x00d1e084       0x4f obj/MLUAR.o
                0x00d1e084                _MLuaCloseUpvalues
 .text._MLuaGCMarkObject
                0x00d1e0d3       0x54 obj/MLUAR.o
                0x00d1e0d3                _MLuaGCMarkObject
 .text._MLuaGCMark
                0x00d1e127       0x26 obj/MLUAR.o
                0x00d1e127                _MLuaGCMark
 .text._MLuaGCCollect
                0x00d1e14d     0x1883 obj/MLUAR.o
                0x00d1e14d                _MLuaGCCollect
 .text._MarkRaw
                0x00d1f9d0       0x20 obj/MLUAR.o
 .text._UpdateValue
                0x00d1f9f0       0x47 obj/MLUAR.o
 .text._UpdatePtr
                0x00d1fa37       0x35 obj/MLUAR.o
 .text._UpdateDataPtr
                0x00d1fa6c       0x32 obj/MLUAR.o
 .text._MLuaStringHash
                0x00d1fa9e       0x7f obj/MLUAR.o
                0x00d1fa9e                _MLuaStringHash
 .text._MLuaStringTableInit
                0x00d1fb1d       0x8f obj/MLUAR.o
                0x00d1fb1d                _MLuaStringTableInit
 .text._MLuaStringTableShrink
                0x00d1fbac      0x250 obj/MLUAR.o
                0x00d1fbac                _MLuaStringTableShrink
 .text._StringTableFind
                0x00d1fdfc      0x12f obj/MLUAR.o
 .text._MLuaStringNewShort
                0x00d1ff2b       0x2c obj/MLUAR.o
                0x00d1ff2b                _MLuaStringNewShort
 .text._MLuaStringNew
                0x00d1ff57      0x199 obj/MLUAR.o
                0x00d1ff57                _MLuaStringNew
 .text._StringHashAscii
                0x00d200f0       0xa0 obj/MLUAR.o
 .text._StringTableInsert
                0x00d20190      0x258 obj/MLUAR.o
 .text._MLuaStringLen
                0x00d203e8       0x76 obj/MLUAR.o
                0x00d203e8                _MLuaStringLen
 .text._MLuaStringIsAscii
                0x00d2045e       0xfc obj/MLUAR.o
                0x00d2045e                _MLuaStringIsAscii
 .text._MLuaStringData
                0x00d2055a      0x125 obj/MLUAR.o
                0x00d2055a                _MLuaStringData
 .text._MLuaStringCompare
                0x00d2067f       0xd5 obj/MLUAR.o
                0x00d2067f                _MLuaStringCompare
 .text._MLuaStringConcatMany
                0x00d20754      0x40e obj/MLUAR.o
                0x00d20754                _MLuaStringConcatMany
 .text._MLuaTableNew
                0x00d20b62       0x19 obj/MLUAR.o
                0x00d20b62                _MLuaTableNew
 .text._MLuaTableNewSized
                0x00d20b7b      0x302 obj/MLUAR.o
                0x00d20b7b                _MLuaTableNewSized
 .text._MLuaTableNumGetFast
                0x00d20e7d       0xa1 obj/MLUAR.o
                0x00d20e7d                _MLuaTableNumGetFast
 .text._MLuaTableNumSetFast
                0x00d20f1e       0x9c obj/MLUAR.o
                0x00d20f1e                _MLuaTableNumSetFast
 .text._TypedArrayAccepts
                0x00d20fba       0x7b obj/MLUAR.o
 .text._MLuaGetIntVal.18
                0x00d21035       0x35 obj/MLUAR.o
 .text._MLuaTableRawGet
                0x00d2106a      0x164 obj/MLUAR.o
                0x00d2106a                _MLuaTableRawGet
 .text._IsPositiveInt
                0x00d211ce       0x5b obj/MLUAR.o
 .text._TypedArrayGet
                0x00d21229       0x58 obj/MLUAR.o
 .text._HashRefresh
                0x00d21281       0x1c obj/MLUAR.o
 .text._HashFind
                0x00d2129d      0x18d obj/MLUAR.o
 .text._HashValue
                0x00d2142a       0xf8 obj/MLUAR.o
 .text._HashGrow
                0x00d21522      0x3b0 obj/MLUAR.o
 .text._MLuaTableGet
                0x00d218d2       0xac obj/MLUAR.o
                0x00d218d2                _MLuaTableGet
 .text._MLuaTableGetForward
                0x00d2197e       0x29 obj/MLUAR.o
                0x00d2197e                _MLuaTableGetForward
 .text._MLuaTableGetField
                0x00d219a7       0xa0 obj/MLUAR.o
                0x00d219a7                _MLuaTableGetField
 .text._MLuaTableSetField
                0x00d21a47       0x5d obj/MLUAR.o
                0x00d21a47                _MLuaTableSetField
 .text._HashSet
                0x00d21aa4      0x276 obj/MLUAR.o
 .text._MLuaTableSet
                0x00d21d1a      0x1c2 obj/MLUAR.o
                0x00d21d1a                _MLuaTableSet
 .text._TypedArraySet
                0x00d21edc      0x34b obj/MLUAR.o
 .text._TypedArrayPromote
                0x00d22227       0xa3 obj/MLUAR.o
 .text._ArraySet
                0x00d222ca      0x306 obj/MLUAR.o
 .text._TypedArrayDemote
                0x00d225d0      0x17c obj/MLUAR.o
 .text._MLuaTableLen
                0x00d2274c       0x66 obj/MLUAR.o
                0x00d2274c                _MLuaTableLen
 .text._MLuaTableArrayInsert
                0x00d227b2      0x1cc obj/MLUAR.o
                0x00d227b2                _MLuaTableArrayInsert
 .text._MLuaTableArrayRemove
                0x00d2297e      0x1c0 obj/MLUAR.o
                0x00d2297e                _MLuaTableArrayRemove
 .text._MLuaTableAppend
                0x00d22b3e      0x12a obj/MLUAR.o
                0x00d22b3e                _MLuaTableAppend
 .text._MLuaTableNext
                0x00d22c68      0x388 obj/MLUAR.o
                0x00d22c68                _MLuaTableNext
 .text._MLuaTableGetSafe
                0x00d22ff0      0x139 obj/MLUAR.o
                0x00d22ff0                _MLuaTableGetSafe
 .text._MLuaTableSetSafe
                0x00d23129      0x137 obj/MLUAR.o
                0x00d23129                _MLuaTableSetSafe
 .text._MLuaThreadNew
                0x00d23260      0x24f obj/MLUAR.o
                0x00d23260                _MLuaThreadNew
 .text._MLuaThreadResume
                0x00d234af      0x4de obj/MLUAR.o
                0x00d234af                _MLuaThreadResume
 .text._SaveCtx
                0x00d2398d      0x10f obj/MLUAR.o
 .text._LoadCtx
                0x00d23a9c      0x10f obj/MLUAR.o
 .text._MLuaThreadYield
                0x00d23bab       0xa2 obj/MLUAR.o
                0x00d23bab                _MLuaThreadYield
 .text._MLuaThreadGetStatus
                0x00d23c4d       0x25 obj/MLUAR.o
                0x00d23c4d                _MLuaThreadGetStatus
 .text._MLuaUTF8SeqLen
                0x00d23c72       0x5a obj/MLUAR.o
                0x00d23c72                _MLuaUTF8SeqLen
 .text._MLuaUTF8Decode
                0x00d23ccc      0x1c1 obj/MLUAR.o
                0x00d23ccc                _MLuaUTF8Decode
 .text._MLuaUTF8Encode
                0x00d23e8d      0x124 obj/MLUAR.o
                0x00d23e8d                _MLuaUTF8Encode
 .text._MLuaUTF8Len
                0x00d23fb1       0x71 obj/MLUAR.o
                0x00d23fb1                _MLuaUTF8Len
 .text._MLuaUTF8Offset
                0x00d24022       0x96 obj/MLUAR.o
                0x00d24022                _MLuaUTF8Offset
 .text._MLuaUndump
                0x00d240b8      0x208 obj/MLUAR.o
                0x00d240b8                _MLuaUndump
 .text._ReadU8  0x00d242c0       0x62 obj/MLUAR.o
 .text._ReadProto
                0x00d24322      0x751 obj/MLUAR.o
 .text._ReadValue
                0x00d24a73      0x65f obj/MLUAR.o
 .text._ReadU32
                0x00d250d2      0x1d1 obj/MLUAR.o
 .text._AllocArray
                0x00d252a3       0xb4 obj/MLUAR.o
 .text._Need    0x00d25357       0x5a obj/MLUAR.o
 .text._MLuaPush
                0x00d253b1       0x64 obj/MLUAR.o
                0x00d253b1                _MLuaPush
 .text._MLuaPop
                0x00d25415       0x49 obj/MLUAR.o
                0x00d25415                _MLuaPop
 .text._MLuaGetArg
                0x00d2545e       0x65 obj/MLUAR.o
                0x00d2545e                _MLuaGetArg
 .text._MLuaGetStack
                0x00d254c3       0xe3 obj/MLUAR.o
                0x00d254c3                _MLuaGetStack
 .text._MLuaSetGlobal
                0x00d255a6       0x7a obj/MLUAR.o
                0x00d255a6                _MLuaSetGlobal
 .text._MLuaArith
                0x00d25620      0x3bb obj/MLUAR.o
                0x00d25620                _MLuaArith
 .text._MLuaGetIntVal.47
                0x00d259db       0x35 obj/MLUAR.o
 .text._MLuaCompare
                0x00d25a10      0x364 obj/MLUAR.o
                0x00d25a10                _MLuaCompare
 .text._MLuaLen
                0x00d25d74       0xab obj/MLUAR.o
                0x00d25d74                _MLuaLen
 .text._MLuaConcat
                0x00d25e1f      0x4ab obj/MLUAR.o
                0x00d25e1f                _MLuaConcat
 .text._MLuaCall
                0x00d262ca      0x430 obj/MLUAR.o
                0x00d262ca                _MLuaCall
 .text._PushFrame
                0x00d266fa      0x33d obj/MLUAR.o
 .text._RunVM   0x00d26a37     0x2e99 obj/MLUAR.o
 .text._ReloadFrame
                0x00d298d0       0x88 obj/MLUAR.o
 .text._VMRaise
                0x00d29958      0x2da obj/MLUAR.o
 .text._PopFrame
                0x00d29c32       0xe8 obj/MLUAR.o
 .text._TraceAppendLine
                0x00d29d1a      0x108 obj/MLUAR.o
 .text._TraceAppend
                0x00d29e22       0x4a obj/MLUAR.o
 .text._MLuaRunSuspended
                0x00d29e6c       0x37 obj/MLUAR.o
                0x00d29e6c                _MLuaRunSuspended
 .text._MLuaExecute
                0x00d29ea3       0xa5 obj/MLUAR.o
                0x00d29ea3                _MLuaExecute
 .text._MLuaPCall
                0x00d29f48       0xe7 obj/MLUAR.o
                0x00d29f48                _MLuaPCall
 .text._MLuaLoadBytecode
                0x00d2a02f       0xc7 obj/MLUAR.o
                0x00d2a02f                _MLuaLoadBytecode
 .text._MLuaDoBytecode
                0x00d2a0f6       0x50 obj/MLUAR.o
                0x00d2a0f6                _MLuaDoBytecode
 .text._MLuaDoBuffer
                0x00d2a146       0x74 obj/MLUAR.o
                0x00d2a146                _MLuaDoBuffer
 .text._MLuaRegisterCFunc
                0x00d2a1ba      0x19c obj/MLUAR.o
                0x00d2a1ba                _MLuaRegisterCFunc
 .text._MLuaRegisterGlobal
                0x00d2a356       0x32 obj/MLUAR.o
                0x00d2a356                _MLuaRegisterGlobal
 .text._MLuaNewLib
                0x00d2a388       0x5b obj/MLUAR.o
                0x00d2a388                _MLuaNewLib
 .text._MLuaRegisterLib
                0x00d2a3e3       0xa7 obj/MLUAR.o
                0x00d2a3e3                _MLuaRegisterLib
 .text._MLuaOpenLibs
                0x00d2a48a       0xcc obj/MLUAR.o
                0x00d2a48a                _MLuaOpenLibs
 .text._BasePrint
                0x00d2a556      0xc28 obj/MLUAR.o
 .text._BaseRequire
                0x00d2b17e       0x64 obj/MLUAR.o
 .text._MLuaTypeName
                0x00d2b1e2       0xcd obj/MLUAR.o
                0x00d2b1e2                _MLuaTypeName
 .text._MLuaMakeIntSafe
                0x00d2b2af       0x8e obj/MLUAR.o
                0x00d2b2af                _MLuaMakeIntSafe
 .text._MLuaShortStrLen
                0x00d2b33d       0x9a obj/MLUAR.o
                0x00d2b33d                _MLuaShortStrLen
 .text._MLuaMakeShortStr
                0x00d2b3d7      0x12b obj/MLUAR.o
                0x00d2b3d7                _MLuaMakeShortStr
 .text._MLuaRawEqual
                0x00d2b502       0x83 obj/MLUAR.o
                0x00d2b502                _MLuaRawEqual
 .text._MLuaGetIntVal.99
                0x00d2b585       0x35 obj/MLUAR.o
 .text._MLuaIsNumber
                0x00d2b5ba       0x39 obj/MLUAR.o
                0x00d2b5ba                _MLuaIsNumber
 .text._MLuaToNumber
                0x00d2b5f3       0x70 obj/MLUAR.o
                0x00d2b5f3                _MLuaToNumber
 .text._MLuaMakeNumber
                0x00d2b663       0x95 obj/MLUAR.o
                0x00d2b663                _MLuaMakeNumber
 .text._MLuaOpenBase
                0x00d2b6f8       0xed obj/MLUAR.o
                0x00d2b6f8                _MLuaOpenBase
 .text._BaseAssert
                0x00d2b7e5       0xe0 obj/MLUAR.o
 .text._BaseError
                0x00d2b8c5       0x2d obj/MLUAR.o
 .text._BaseNext
                0x00d2b8f2       0xdb obj/MLUAR.o
 .text._BasePairs
                0x00d2b9cd       0x69 obj/MLUAR.o
 .text._BaseIpairs
                0x00d2ba36       0x66 obj/MLUAR.o
 .text._BasePcall
                0x00d2ba9c      0x11c obj/MLUAR.o
 .text._BaseSelect
                0x00d2bbb8      0x19c obj/MLUAR.o
 .text._BaseTonumber
                0x00d2bd54      0x13b obj/MLUAR.o
 .text._BaseTostring
                0x00d2be8f      0x11f obj/MLUAR.o
 .text._BaseType
                0x00d2bfae       0x50 obj/MLUAR.o
 .text._BaseXpcall
                0x00d2bffe      0x25f obj/MLUAR.o
 .text._IpairsIter
                0x00d2c25d       0xab obj/MLUAR.o
 .text._PairsIter
                0x00d2c308       0x10 obj/MLUAR.o
 .text._MLuaOpenCoroutine
                0x00d2c318       0x27 obj/MLUAR.o
                0x00d2c318                _MLuaOpenCoroutine
 .text._CoroClose
                0x00d2c33f      0x193 obj/MLUAR.o
 .text._CoroCreate
                0x00d2c4d2       0x79 obj/MLUAR.o
 .text._CoroIsyieldable
                0x00d2c54b       0x73 obj/MLUAR.o
 .text._CoroResume
                0x00d2c5be      0x163 obj/MLUAR.o
 .text._CoroRunning
                0x00d2c721       0x79 obj/MLUAR.o
 .text._CoroStatus
                0x00d2c79a       0x8e obj/MLUAR.o
 .text._CoroYield
                0x00d2c828       0x16 obj/MLUAR.o
 .text._MLuaOpenMath
                0x00d2c83e      0x163 obj/MLUAR.o
                0x00d2c83e                _MLuaOpenMath
 .text._MathAbs
                0x00d2c9a1       0x1a obj/MLUAR.o
 .text._MathAcosF
                0x00d2c9bb       0x1a obj/MLUAR.o
 .text._MathAsinF
                0x00d2c9d5       0x1a obj/MLUAR.o
 .text._MathAtanF
                0x00d2c9ef       0x94 obj/MLUAR.o
 .text._MathCeilF
                0x00d2ca83       0x1a obj/MLUAR.o
 .text._MathCosF
                0x00d2ca9d       0x1a obj/MLUAR.o
 .text._MathCoshF
                0x00d2cab7       0x1a obj/MLUAR.o
 .text._MathDeg
                0x00d2cad1       0x1a obj/MLUAR.o
 .text._MathExpF
                0x00d2caeb       0x1a obj/MLUAR.o
 .text._MathFloorF
                0x00d2cb05       0x1a obj/MLUAR.o
 .text._MathFmodF
                0x00d2cb1f       0x5a obj/MLUAR.o
 .text._MathFrexpF
                0x00d2cb79       0x77 obj/MLUAR.o
 .text._MathLdexpF
                0x00d2cbf0       0x5f obj/MLUAR.o
 .text._MathLogF
                0x00d2cc4f       0xb9 obj/MLUAR.o
 .text._MathLog10F
                0x00d2cd08       0x1a obj/MLUAR.o
 .text._MathMax
                0x00d2cd22       0xce obj/MLUAR.o
 .text._MathMin
                0x00d2cdf0       0xc9 obj/MLUAR.o
 .text._MathPowF
                0x00d2ceb9       0x61 obj/MLUAR.o
 .text._MathModfF
                0x00d2cf1a       0x73 obj/MLUAR.o
 .text._MathRad
                0x00d2cf8d       0x1a obj/MLUAR.o
 .text._MathRandom
                0x00d2cfa7      0x2a8 obj/MLUAR.o
 .text._MathRandomseed
                0x00d2d24f       0x7a obj/MLUAR.o
 .text._MathSinF
                0x00d2d2c9       0x1a obj/MLUAR.o
 .text._MathSinhF
                0x00d2d2e3       0x1a obj/MLUAR.o
 .text._MathSqrtF
                0x00d2d2fd       0x1a obj/MLUAR.o
 .text._MathTanF
                0x00d2d317       0x1a obj/MLUAR.o
 .text._MathTanhF
                0x00d2d331       0x1a obj/MLUAR.o
 .text._MathTointeger
                0x00d2d34b       0xf6 obj/MLUAR.o
 .text._MathType
                0x00d2d441       0xa2 obj/MLUAR.o
 .text._MathUlt
                0x00d2d4e3       0x75 obj/MLUAR.o
 .text._GetIntArg
                0x00d2d558       0x19 obj/MLUAR.o
 .text._GetArg  0x00d2d571       0x1e obj/MLUAR.o
 .text._MathTanhFThunk
                0x00d2d58f       0x16 obj/MLUAR.o
 .text._Math1   0x00d2d5a5       0x3a obj/MLUAR.o
 .text._MathTanFThunk
                0x00d2d5df       0x16 obj/MLUAR.o
 .text._MathSqrtFThunk
                0x00d2d5f5       0x16 obj/MLUAR.o
 .text._MathSinhFThunk
                0x00d2d60b       0x16 obj/MLUAR.o
 .text._MathSinFThunk
                0x00d2d621       0x16 obj/MLUAR.o
 .text._MathRadThunk
                0x00d2d637       0x1a obj/MLUAR.o
 .text._MathLog10FThunk
                0x00d2d651       0x16 obj/MLUAR.o
 .text._MathFloorFThunk
                0x00d2d667       0x16 obj/MLUAR.o
 .text._MathExpFThunk
                0x00d2d67d       0x16 obj/MLUAR.o
 .text._MathDegThunk
                0x00d2d693       0x1a obj/MLUAR.o
 .text._MathCoshFThunk
                0x00d2d6ad       0x16 obj/MLUAR.o
 .text._MathCosFThunk
                0x00d2d6c3       0x16 obj/MLUAR.o
 .text._MathCeilFThunk
                0x00d2d6d9       0x16 obj/MLUAR.o
 .text._MathAsinFThunk
                0x00d2d6ef       0x16 obj/MLUAR.o
 .text._MathAcosFThunk
                0x00d2d705       0x16 obj/MLUAR.o
 .text._MathAbsThunk
                0x00d2d71b       0x16 obj/MLUAR.o
 .text._MLuaOpenString
                0x00d2d731       0x27 obj/MLUAR.o
                0x00d2d731                _MLuaOpenString
 .text._StringByte
                0x00d2d758      0x392 obj/MLUAR.o
 .text._StringChar
                0x00d2daea      0x231 obj/MLUAR.o
 .text._StringFind
                0x00d2dd1b      0x9c7 obj/MLUAR.o
 .text._StringFormat
                0x00d2e6e2      0x5d0 obj/MLUAR.o
 .text._StringLen
                0x00d2ecb2       0x75 obj/MLUAR.o
 .text._StringLower
                0x00d2ed27       0xe4 obj/MLUAR.o
 .text._StringMatch
                0x00d2ee0b      0x612 obj/MLUAR.o
 .text._StringRep
                0x00d2f41d      0x1a1 obj/MLUAR.o
 .text._StringReverse
                0x00d2f5be      0x13d obj/MLUAR.o
 .text._StringSub
                0x00d2f6fb      0x2c6 obj/MLUAR.o
 .text._StringUpper
                0x00d2f9c1       0xe4 obj/MLUAR.o
 .text._GetStrArg
                0x00d2faa5       0x53 obj/MLUAR.o
 .text._PushBuiltString
                0x00d2faf8       0x30 obj/MLUAR.o
 .text._MLuaGetIntVal.191
                0x00d2fb28       0x35 obj/MLUAR.o
 .text._PatMatch
                0x00d2fb5d      0x301 obj/MLUAR.o
 .text._MatchRepeat
                0x00d2fe5e      0x118 obj/MLUAR.o
 .text._MatchSingle
                0x00d2ff76       0xbe obj/MLUAR.o
 .text._MatchClass
                0x00d30034      0x12a obj/MLUAR.o
 .text._MLuaOpenTable
                0x00d3015e       0x3d obj/MLUAR.o
                0x00d3015e                _MLuaOpenTable
 .text._TableUnpack
                0x00d3019b      0x171 obj/MLUAR.o
 .text._MLuaGetIntVal.200
                0x00d3030c       0x35 obj/MLUAR.o
 .text._TableConcat
                0x00d30341      0x66e obj/MLUAR.o
 .text._TableForwardF
                0x00d309af       0x4e obj/MLUAR.o
 .text._TableInsert
                0x00d309fd      0x1c0 obj/MLUAR.o
 .text._TableMaxn
                0x00d30bbd      0x2de obj/MLUAR.o
 .text._TablePack
                0x00d30e9b      0x138 obj/MLUAR.o
 .text._TableRemove
                0x00d30fd3       0xff obj/MLUAR.o
 .text._TableSort
                0x00d310d2     0x1094 obj/MLUAR.o
 .text._SortGet
                0x00d32166       0x70 obj/MLUAR.o
 .text._TableSortCompare
                0x00d321d6      0x1f4 obj/MLUAR.o
 .text._SortSwap
                0x00d323ca      0x15e obj/MLUAR.o
 .text._IsAnyString
                0x00d32528       0x35 obj/MLUAR.o
 .text._ConcatElemToStr
                0x00d3255d       0x57 obj/MLUAR.o
 .text._MLuaCeOpenLibs
                0x00d325b4      0x1f9 obj/MLUAR.o
                0x00d325b4                _MLuaCeOpenLibs
 .text._SetConst
                0x00d327ad       0x7b obj/MLUAR.o
 .text._TimerMillis
                0x00d32828       0x29 obj/MLUAR.o
 .text._TimerSleep
                0x00d32851       0x63 obj/MLUAR.o
 .text._ClockMillis
                0x00d328b4       0x5b obj/MLUAR.o
 .text._GetIntArg.229
                0x00d3290f       0x27 obj/MLUAR.o
 .text._KeyScanBlocking
                0x00d32936        0xf obj/MLUAR.o
 .text._KeyScan
                0x00d32945        0xe obj/MLUAR.o
 .text._KeyIsDown
                0x00d32953       0x65 obj/MLUAR.o
 .text._KeyAny  0x00d329b8       0x88 obj/MLUAR.o
 .text._KeyRow  0x00d32a40       0x80 obj/MLUAR.o
 .text._GfxBegin
                0x00d32ac0       0x29 obj/MLUAR.o
 .text._GfxEnd  0x00d32ae9        0xe obj/MLUAR.o
 .text._GfxSwap
                0x00d32af7        0xe obj/MLUAR.o
 .text._GfxColor
                0x00d32b05       0x1f obj/MLUAR.o
 .text._GfxFillScreen
                0x00d32b24       0x1f obj/MLUAR.o
 .text._GfxPixel
                0x00d32b43       0x3c obj/MLUAR.o
 .text._GfxLine
                0x00d32b7f       0x6a obj/MLUAR.o
 .text._GfxRect
                0x00d32be9       0x6a obj/MLUAR.o
 .text._GfxFillRect
                0x00d32c53       0x6a obj/MLUAR.o
 .text._GfxCircle
                0x00d32cbd       0x53 obj/MLUAR.o
 .text._GfxFillCircle
                0x00d32d10       0x53 obj/MLUAR.o
 .text._GfxText
                0x00d32d63       0x9d obj/MLUAR.o
 .text._GfxTextColor
                0x00d32e00       0x57 obj/MLUAR.o
 .text._MLuaCeGfxCleanup
                0x00d32e57       0x12 obj/MLUAR.o
                0x00d32e57                _MLuaCeGfxCleanup
 .text._MLuaCeConsoleInit
                0x00d32e69       0x11 obj/MLUAR.o
                0x00d32e69                _MLuaCeConsoleInit
 .text._MLuaCeConsoleWrite
                0x00d32e7a      0x10b obj/MLUAR.o
                0x00d32e7a                _MLuaCeConsoleWrite
 .text._MLuaCeConsoleWriteStr
                0x00d32f85       0x40 obj/MLUAR.o
                0x00d32f85                _MLuaCeConsoleWriteStr
 .text._MLuaCeConsolePause
                0x00d32fc5        0xf obj/MLUAR.o
                0x00d32fc5                _MLuaCeConsolePause
 .text._MLuaCeLoadVar
                0x00d32fd4       0x51 obj/MLUAR.o
                0x00d32fd4                _MLuaCeLoadVar
 .text._MLuaCeListScripts
                0x00d33025      0x165 obj/MLUAR.o
                0x00d33025                _MLuaCeListScripts
 .text._MLuaCeRequire
                0x00d3318a       0xea obj/MLUAR.o
                0x00d3318a                _MLuaCeRequire
 .text._MLuaCeNewState
                0x00d33274       0x5d obj/MLUAR.o
                0x00d33274                _MLuaCeNewState
 .text._CeOutput
                0x00d332d1       0x1c obj/MLUAR.o
 .text._MLuaCeRun
                0x00d332ed       0xd5 obj/MLUAR.o
                0x00d332ed                _MLuaCeRun
 .text._MLuaCeRunLoop
                0x00d333c2      0x2df obj/MLUAR.o
                0x00d333c2                _MLuaCeRunLoop
 .text._main    0x00d336a1        0x8 obj/MLUAR.o
                0x00d336a1                _main
 .text.__ftoll_c
                0x00d336a9      0x10d obj/MLUAR.o
                0x00d336a9                __ftoll_c
 .text.__lltof_c
                0x00d337b6       0xab obj/MLUAR.o
                0x00d337b6                __lltof_c
 .text.__ulltof_c
                0x00d33861       0x73 obj/MLUAR.o
                0x00d33861                __ulltof_c
 .text.__bctlz  0x00d338d4       0x22 obj/MLUAR.o
                0x00d338d4                __bctlz
 .text.__sctlz  0x00d338f6        0xc obj/MLUAR.o
                0x00d338f6                __sctlz
 .text.__ictlz  0x00d33902       0x12 obj/MLUAR.o
                0x00d33902                __ictlz
 .text.__llctlz
                0x00d33914        0xe obj/MLUAR.o
                0x00d33914                __llctlz
 .text.__i48ctlz
                0x00d33922       0x15 obj/MLUAR.o
                0x00d33922                __i48ctlz
 *(.gnu.warning)

.rodata         0x00d33937     0x13ff
 *(.rodata .rodata.* .gnu.linkonce.r.*)
 .rodata._MLuaValueToStr
                0x00d33937       0x24 obj/MLUAR.o
 .rodata._MLuaFormat
                0x00d3395b       0x42 obj/MLUAR.o
 .rodata._MLuaGCCollect
                0x00d3399d       0x24 obj/MLUAR.o
 .rodata._MLuaUTF8Decode
                0x00d339c1        0xc obj/MLUAR.o
 .rodata._ReadValue
                0x00d339cd       0x12 obj/MLUAR.o
 .rodata._MLuaArith
                0x00d339df       0x30 obj/MLUAR.o
 .rodata._MLuaCompare
                0x00d33a0f        0xc obj/MLUAR.o
 .rodata._MLuaTypeName
                0x00d33a1b        0xf obj/MLUAR.o
 .rodata._MatchClass
                0x00d33a2a       0x27 obj/MLUAR.o
 .rodata._MLuaCeRunLoop
                0x00d33a51       0x1e obj/MLUAR.o
 .rodata._OpSizes
                0x00d33a6f       0x81 obj/MLUAR.o
 .rodata._.str  0x00d33af0        0xb obj/MLUAR.o
 .rodata._.str.1
                0x00d33afb        0x8 obj/MLUAR.o
 .rodata._.str.2
                0x00d33b03        0x8 obj/MLUAR.o
 .rodata._.str.3
                0x00d33b0b        0xb obj/MLUAR.o
 .rodata._.str.4
                0x00d33b16        0xa obj/MLUAR.o
 .rodata._.str.5
                0x00d33b20        0x9 obj/MLUAR.o
 .rodata._.str.6
                0x00d33b29        0xa obj/MLUAR.o
 .rodata._.str.9
                0x00d33b33       0x11 obj/MLUAR.o
 .rodata._.str.10
                0x00d33b44       0x11 obj/MLUAR.o
 .rodata._.str.11
                0x00d33b55       0x10 obj/MLUAR.o
 .rodata._.str.2.17
                0x00d33b65        0x1 obj/MLUAR.o
 .rodata._.str.19
                0x00d33b66       0x2a obj/MLUAR.o
 .rodata._.str.1.20
                0x00d33b90       0x1d obj/MLUAR.o
 .rodata._.str.2.21
                0x00d33bad       0x23 obj/MLUAR.o
 .rodata._.str.3.22
                0x00d33bd0       0x17 obj/MLUAR.o
 .rodata._.str.23
                0x00d33be7       0x19 obj/MLUAR.o
 .rodata._.str.1.24
                0x00d33c00       0x1d obj/MLUAR.o
 .rodata._.str.2.25
                0x00d33c1d       0x26 obj/MLUAR.o
 .rodata._.str.4.27
                0x00d33c43       0x2a obj/MLUAR.o
 .rodata._.str.5.28
                0x00d33c6d       0x2a obj/MLUAR.o
 .rodata._.str.31
                0x00d33c97       0x13 obj/MLUAR.o
 .rodata._.str.1.32
                0x00d33caa       0x1d obj/MLUAR.o
 .rodata._.str.2.33
                0x00d33cc7       0x1c obj/MLUAR.o
 .rodata._.str.3.34
                0x00d33ce3       0x20 obj/MLUAR.o
 .rodata._.str.4.35
                0x00d33d03       0x23 obj/MLUAR.o
 .rodata._.str.5.29
                0x00d33d26       0x11 obj/MLUAR.o
 .rodata._.str.6.36
                0x00d33d37       0x23 obj/MLUAR.o
 .rodata._.str.7.30
                0x00d33d5a       0x13 obj/MLUAR.o
 .rodata._.str.8.37
                0x00d33d6d       0x1f obj/MLUAR.o
 .rodata._.str.9.38
                0x00d33d8c       0x1d obj/MLUAR.o
 .rodata._.str.10.39
                0x00d33da9       0x1c obj/MLUAR.o
 .rodata._.str.11.40
                0x00d33dc5       0x20 obj/MLUAR.o
 .rodata._.str.12
                0x00d33de5       0x22 obj/MLUAR.o
 .rodata._.str.13
                0x00d33e07       0x21 obj/MLUAR.o
 .rodata._.str.14
                0x00d33e28       0x24 obj/MLUAR.o
 .rodata._.str.15
                0x00d33e4c       0x1f obj/MLUAR.o
 .rodata._.str.16
                0x00d33e6b       0x1c obj/MLUAR.o
 .rodata._.str.17
                0x00d33e87       0x1f obj/MLUAR.o
 .rodata._.str.18
                0x00d33ea6       0x1a obj/MLUAR.o
 .rodata._.str.19.42
                0x00d33ec0       0x1e obj/MLUAR.o
 .rodata._.str.20
                0x00d33ede       0x18 obj/MLUAR.o
 .rodata._.str.21
                0x00d33ef6       0x22 obj/MLUAR.o
 .rodata._.str.22
                0x00d33f18       0x1f obj/MLUAR.o
 .rodata._.str.23.41
                0x00d33f37       0x22 obj/MLUAR.o
 .rodata._.str.24
                0x00d33f59       0x25 obj/MLUAR.o
 .rodata._.str.25
                0x00d33f7e       0x22 obj/MLUAR.o
 .rodata._.str.26
                0x00d33fa0       0x24 obj/MLUAR.o
 .rodata._.str.45
                0x00d33fc4        0xf obj/MLUAR.o
 .rodata._.str.1.46
                0x00d33fd3       0x34 obj/MLUAR.o
 .rodata._.str.2.48
                0x00d34007       0x25 obj/MLUAR.o
 .rodata._.str.3.49
                0x00d3402c       0x32 obj/MLUAR.o
 .rodata._.str.5.51
                0x00d3405e       0x23 obj/MLUAR.o
 .rodata._.str.6.52
                0x00d34081       0x2a obj/MLUAR.o
 .rodata._.str.8.56
                0x00d340ab       0x1f obj/MLUAR.o
 .rodata._.str.9.57
                0x00d340ca       0x18 obj/MLUAR.o
 .rodata._.str.10.58
                0x00d340e2       0x24 obj/MLUAR.o
 .rodata._.str.11.59
                0x00d34106       0x1c obj/MLUAR.o
 .rodata._.str.12.60
                0x00d34122       0x25 obj/MLUAR.o
 .rodata._.str.13.70
                0x00d34147       0x1e obj/MLUAR.o
 .rodata._.str.14.71
                0x00d34165       0x26 obj/MLUAR.o
 .rodata._.str.16.73
                0x00d3418b       0x14 obj/MLUAR.o
 .rodata._.str.17.74
                0x00d3419f        0xd obj/MLUAR.o
 .rodata._.str.18.75
                0x00d341ac       0x19 obj/MLUAR.o
 .rodata._.str.19.76
                0x00d341c5        0x6 obj/MLUAR.o
 .rodata._.str.20.77
                0x00d341cb        0x8 obj/MLUAR.o
 .rodata._.str.21.66
                0x00d341d3       0x14 obj/MLUAR.o
 .rodata._.str.22.67
                0x00d341e7       0x21 obj/MLUAR.o
 .rodata._RunVM.DispatchTable
                0x00d34208      0x300 obj/MLUAR.o
 .rodata._.str.23.61
                0x00d34508       0x21 obj/MLUAR.o
 .rodata._.str.24.62
                0x00d34529       0x1a obj/MLUAR.o
 .rodata._.str.25.63
                0x00d34543       0x10 obj/MLUAR.o
 .rodata._.str.26.64
                0x00d34553        0xf obj/MLUAR.o
 .rodata._.str.27
                0x00d34562        0x2 obj/MLUAR.o
 .rodata._.str.28
                0x00d34564        0xe obj/MLUAR.o
 .rodata._.str.29
                0x00d34572        0xc obj/MLUAR.o
 .rodata._.str.30
                0x00d3457e        0x2 obj/MLUAR.o
 .rodata._.str.31.65
                0x00d34580        0x2 obj/MLUAR.o
 .rodata._.str.80
                0x00d34582        0x4 obj/MLUAR.o
 .rodata._.str.1.83
                0x00d34586        0x8 obj/MLUAR.o
 .rodata._.str.2.81
                0x00d3458e        0x7 obj/MLUAR.o
 .rodata._.str.4.78
                0x00d34595        0x9 obj/MLUAR.o
 .rodata._ObjTypeNames
                0x00d3459e       0x18 obj/MLUAR.o
 .rodata._.str.5.82
                0x00d345b6        0x9 obj/MLUAR.o
 .rodata._.str.6.79
                0x00d345bf        0x8 obj/MLUAR.o
 .rodata._.str.8.85
                0x00d345c7        0x8 obj/MLUAR.o
 .rodata._.str.10.87
                0x00d345cf        0x6 obj/MLUAR.o
 .rodata._.str.11.88
                0x00d345d5        0x8 obj/MLUAR.o
 .rodata._.str.12.89
                0x00d345dd        0x7 obj/MLUAR.o
 .rodata._.str.108
                0x00d345e4        0x7 obj/MLUAR.o
 .rodata._.str.2.110
                0x00d345eb        0x5 obj/MLUAR.o
 .rodata._.str.3.111
                0x00d345f0        0x6 obj/MLUAR.o
 .rodata._.str.4.112
                0x00d345f6        0x7 obj/MLUAR.o
 .rodata._.str.5.113
                0x00d345fd        0x6 obj/MLUAR.o
 .rodata._.str.6.114
                0x00d34603        0x7 obj/MLUAR.o
 .rodata._.str.7.115
                0x00d3460a        0x9 obj/MLUAR.o
 .rodata._.str.8.116
                0x00d34613        0x9 obj/MLUAR.o
 .rodata._.str.10.118
                0x00d3461c        0x7 obj/MLUAR.o
 .rodata._.str.11.121
                0x00d34623       0x12 obj/MLUAR.o
 .rodata._.str.12.120
                0x00d34635       0x21 obj/MLUAR.o
 .rodata._.str.13.119
                0x00d34656       0x24 obj/MLUAR.o
 .rodata._.str.124
                0x00d3467a        0xa obj/MLUAR.o
 .rodata._CoroLibEntries
                0x00d34684       0x30 obj/MLUAR.o
 .rodata._.str.1.125
                0x00d346b4        0x6 obj/MLUAR.o
 .rodata._.str.2.126
                0x00d346ba        0x7 obj/MLUAR.o
 .rodata._.str.3.127
                0x00d346c1        0xc obj/MLUAR.o
 .rodata._.str.4.128
                0x00d346cd        0x7 obj/MLUAR.o
 .rodata._.str.5.129
                0x00d346d4        0x8 obj/MLUAR.o
 .rodata._.str.6.130
                0x00d346dc        0x7 obj/MLUAR.o
 .rodata._.str.7.131
                0x00d346e3        0x6 obj/MLUAR.o
 .rodata._.str.8.137
                0x00d346e9       0x10 obj/MLUAR.o
 .rodata._.str.9.138
                0x00d346f9       0x21 obj/MLUAR.o
 .rodata._.str.10.136
                0x00d3471a       0x30 obj/MLUAR.o
 .rodata._.str.11.135
                0x00d3474a        0x6 obj/MLUAR.o
 .rodata._.str.12.133
                0x00d34750        0xa obj/MLUAR.o
 .rodata._.str.13.134
                0x00d3475a        0x7 obj/MLUAR.o
 .rodata._.str.14.132
                0x00d34761        0x5 obj/MLUAR.o
 .rodata._switch.table.CoroStatus
                0x00d34766        0x9 obj/MLUAR.o
 .rodata._.str.141
                0x00d3476f        0x5 obj/MLUAR.o
 .rodata._MathLibEntries
                0x00d34774       0xc6 obj/MLUAR.o
 .rodata._.str.2.143
                0x00d3483a        0x5 obj/MLUAR.o
 .rodata._.str.3.144
                0x00d3483f        0xb obj/MLUAR.o
 .rodata._.str.4.145
                0x00d3484a        0xb obj/MLUAR.o
 .rodata._.str.5.146
                0x00d34855        0x4 obj/MLUAR.o
 .rodata._.str.6.147
                0x00d34859        0x5 obj/MLUAR.o
 .rodata._.str.7.148
                0x00d3485e        0x5 obj/MLUAR.o
 .rodata._.str.8.149
                0x00d34863        0x5 obj/MLUAR.o
 .rodata._.str.9.150
                0x00d34868        0x6 obj/MLUAR.o
 .rodata._.str.10.151
                0x00d3486e        0x5 obj/MLUAR.o
 .rodata._.str.11.152
                0x00d34873        0x4 obj/MLUAR.o
 .rodata._.str.12.153
                0x00d34877        0x5 obj/MLUAR.o
 .rodata._.str.13.154
                0x00d3487c        0x4 obj/MLUAR.o
 .rodata._.str.14.155
                0x00d34880        0x4 obj/MLUAR.o
 .rodata._.str.15.156
                0x00d34884        0x6 obj/MLUAR.o
 .rodata._.str.16.157
                0x00d3488a        0x5 obj/MLUAR.o
 .rodata._.str.17.158
                0x00d3488f        0x6 obj/MLUAR.o
 .rodata._.str.18.159
                0x00d34895        0x6 obj/MLUAR.o
 .rodata._.str.19.160
                0x00d3489b        0x4 obj/MLUAR.o
 .rodata._.str.20.161
                0x00d3489f        0x6 obj/MLUAR.o
 .rodata._.str.21.162
                0x00d348a5        0x4 obj/MLUAR.o
 .rodata._.str.22.163
                0x00d348a9        0x4 obj/MLUAR.o
 .rodata._.str.23.164
                0x00d348ad        0x4 obj/MLUAR.o
 .rodata._.str.24.165
                0x00d348b1        0x4 obj/MLUAR.o
 .rodata._.str.25.166
                0x00d348b5        0x5 obj/MLUAR.o
 .rodata._.str.26.167
                0x00d348ba        0x4 obj/MLUAR.o
 .rodata._.str.27.168
                0x00d348be        0x7 obj/MLUAR.o
 .rodata._.str.28.169
                0x00d348c5        0xb obj/MLUAR.o
 .rodata._.str.29.170
                0x00d348d0        0x4 obj/MLUAR.o
 .rodata._.str.30.171
                0x00d348d4        0x5 obj/MLUAR.o
 .rodata._.str.31.172
                0x00d348d9        0x5 obj/MLUAR.o
 .rodata._.str.32.173
                0x00d348de        0x4 obj/MLUAR.o
 .rodata._.str.33.174
                0x00d348e2        0x5 obj/MLUAR.o
 .rodata._.str.34
                0x00d348e7        0xa obj/MLUAR.o
 .rodata._.str.35
                0x00d348f1        0x5 obj/MLUAR.o
 .rodata._.str.36
                0x00d348f6        0x4 obj/MLUAR.o
 .rodata._.str.37
                0x00d348fa        0x8 obj/MLUAR.o
 .rodata._.str.38
                0x00d34902        0x6 obj/MLUAR.o
 .rodata._.str.177
                0x00d34908        0x7 obj/MLUAR.o
 .rodata._StringLibEntries
                0x00d3490f       0x48 obj/MLUAR.o
 .rodata._.str.1.178
                0x00d34957        0x5 obj/MLUAR.o
 .rodata._.str.2.179
                0x00d3495c        0x5 obj/MLUAR.o
 .rodata._.str.3.180
                0x00d34961        0x5 obj/MLUAR.o
 .rodata._.str.4.181
                0x00d34966        0x7 obj/MLUAR.o
 .rodata._.str.5.182
                0x00d3496d        0x4 obj/MLUAR.o
 .rodata._.str.6.183
                0x00d34971        0x6 obj/MLUAR.o
 .rodata._.str.7.184
                0x00d34977        0x6 obj/MLUAR.o
 .rodata._.str.8.185
                0x00d3497d        0x4 obj/MLUAR.o
 .rodata._.str.9.186
                0x00d34981        0x8 obj/MLUAR.o
 .rodata._.str.10.187
                0x00d34989        0x4 obj/MLUAR.o
 .rodata._.str.11.188
                0x00d3498d        0x6 obj/MLUAR.o
 .rodata._.str.12.192
                0x00d34993       0x22 obj/MLUAR.o
 .rodata._.str.13.193
                0x00d349b5       0x12 obj/MLUAR.o
 .rodata._.str.14.194
                0x00d349c7       0x18 obj/MLUAR.o
 .rodata._.str.15.195
                0x00d349df       0x13 obj/MLUAR.o
 .rodata._.str.198
                0x00d349f2        0x6 obj/MLUAR.o
 .rodata._TableLibEntries
                0x00d349f8       0x36 obj/MLUAR.o
 .rodata._.str.1.199
                0x00d34a2e        0x7 obj/MLUAR.o
 .rodata._.str.2.201
                0x00d34a35        0x7 obj/MLUAR.o
 .rodata._.str.3.202
                0x00d34a3c        0x8 obj/MLUAR.o
 .rodata._.str.4.203
                0x00d34a44        0x7 obj/MLUAR.o
 .rodata._.str.5.204
                0x00d34a4b        0x5 obj/MLUAR.o
 .rodata._.str.6.205
                0x00d34a50        0x5 obj/MLUAR.o
 .rodata._.str.7.206
                0x00d34a55        0x7 obj/MLUAR.o
 .rodata._.str.8.207
                0x00d34a5c        0x5 obj/MLUAR.o
 .rodata._.str.10.213
                0x00d34a61        0xe obj/MLUAR.o
 .rodata._.str.11.209
                0x00d34a6f       0x2e obj/MLUAR.o
 .rodata._.str.12.210
                0x00d34a9d       0x35 obj/MLUAR.o
 .rodata._.str.13.211
                0x00d34ad2       0x2d obj/MLUAR.o
 .rodata._.str.214
                0x00d34aff        0x4 obj/MLUAR.o
 .rodata._.str.1.215
                0x00d34b03        0x4 obj/MLUAR.o
 .rodata._.str.2.216
                0x00d34b07        0x6 obj/MLUAR.o
 .rodata._GfxEntries
                0x00d34b0d       0x54 obj/MLUAR.o
 .rodata._KeyEntries
                0x00d34b61       0x1e obj/MLUAR.o
 .rodata._TimerEntries
                0x00d34b7f       0x12 obj/MLUAR.o
 .rodata._.str.3.217
                0x00d34b91        0x3 obj/MLUAR.o
 .rodata._.str.4.218
                0x00d34b94        0x5 obj/MLUAR.o
 .rodata._.str.5.219
                0x00d34b99        0x5 obj/MLUAR.o
 .rodata._.str.6.220
                0x00d34b9e        0x6 obj/MLUAR.o
 .rodata._.str.7.221
                0x00d34ba4        0x6 obj/MLUAR.o
 .rodata._.str.8.222
                0x00d34baa        0x6 obj/MLUAR.o
 .rodata._.str.9.223
                0x00d34bb0        0x7 obj/MLUAR.o
 .rodata._.str.10.224
                0x00d34bb7        0x6 obj/MLUAR.o
 .rodata._.str.11.225
                0x00d34bbd        0x5 obj/MLUAR.o
 .rodata._.str.12.226
                0x00d34bc2        0x4 obj/MLUAR.o
 .rodata._.str.13.234
                0x00d34bc6        0x6 obj/MLUAR.o
 .rodata._.str.14.235
                0x00d34bcc        0x7 obj/MLUAR.o
 .rodata._.str.15.236
                0x00d34bd3        0x5 obj/MLUAR.o
 .rodata._.str.16.237
                0x00d34bd8        0x6 obj/MLUAR.o
 .rodata._.str.17.238
                0x00d34bde        0x5 obj/MLUAR.o
 .rodata._.str.18.239
                0x00d34be3        0x6 obj/MLUAR.o
 .rodata._.str.19.240
                0x00d34be9        0x5 obj/MLUAR.o
 .rodata._.str.20.241
                0x00d34bee        0x5 obj/MLUAR.o
 .rodata._.str.21.242
                0x00d34bf3        0x9 obj/MLUAR.o
 .rodata._.str.22.243
                0x00d34bfc        0x7 obj/MLUAR.o
 .rodata._.str.23.244
                0x00d34c03        0xb obj/MLUAR.o
 .rodata._.str.24.245
                0x00d34c0e        0x5 obj/MLUAR.o
 .rodata._.str.25.246
                0x00d34c13        0xa obj/MLUAR.o
 .rodata._.str.26.247
                0x00d34c1d       0x1a obj/MLUAR.o
 .rodata._.str.27.230
                0x00d34c37        0x5 obj/MLUAR.o
 .rodata._.str.28.231
                0x00d34c3c        0x7 obj/MLUAR.o
 .rodata._.str.29.232
                0x00d34c43        0x4 obj/MLUAR.o
 .rodata._.str.30.233
                0x00d34c47        0x4 obj/MLUAR.o
 .rodata._.str.31.227
                0x00d34c4b        0x7 obj/MLUAR.o
 .rodata._.str.32.228
                0x00d34c52        0x6 obj/MLUAR.o
 .rodata._.str.248
                0x00d34c58        0x4 obj/MLUAR.o
 .rodata._.str.1.249
                0x00d34c5c        0x6 obj/MLUAR.o
 .rodata._.str.2.250
                0x00d34c62        0x3 obj/MLUAR.o
 .rodata._.str.3.251
                0x00d34c65        0xe obj/MLUAR.o
 .rodata._.str.4.252
                0x00d34c73        0x2 obj/MLUAR.o
 .rodata._.str.5.254
                0x00d34c75       0x19 obj/MLUAR.o
 .rodata._.str.6.253
                0x00d34c8e       0x16 obj/MLUAR.o
 .rodata._.str.7.257
                0x00d34ca4        0x3 obj/MLUAR.o
 .rodata._.str.8.258
                0x00d34ca7        0x3 obj/MLUAR.o
 .rodata._.str.9.256
                0x00d34caa       0x16 obj/MLUAR.o
 .rodata._.str.10.255
                0x00d34cc0        0xb obj/MLUAR.o
 .rodata._.str.11.260
                0x00d34ccb       0x17 obj/MLUAR.o
 .rodata._.str.12.261
                0x00d34ce2       0x1a obj/MLUAR.o
 .rodata._.str.13.259
                0x00d34cfc       0x18 obj/MLUAR.o
 .rodata.libload
                0x00d34d14       0x22 obj/crt0.o

.init_array     0x00d34d36        0x0
                [!provide]                        PROVIDE (__init_array_start = .)
 *(.preinit_array)
 *(SORT_BY_INIT_PRIORITY(.init_array.*))
 *(.init_array)
                [!provide]                        PROVIDE (__init_array_end = .)

.fini_array     0x00d34d36        0x0
                [!provide]                        PROVIDE (__fini_array_start = .)
 *(SORT_BY_INIT_PRIORITY(.fini_array.*))
 *(.fini_array)
                [!provide]                        PROVIDE (__fini_array_end = .)
                0x00d34d36                        ___data_low = .

.data           0x00d34d36        0x8
 *(.data .data.* .gnu.linkonce.d.*)
 .data._RandomState
                0x00d34d36        0x8 obj/MLUAR.o
 *(.data1)
                0x00d34d3e                        ___runprgm_reloc_start = .
 *(.runprgm.reloc)
                0x00d34d3e                        ___runprgm_reloc_end = .
                0x00d34d3e                        ___data_high = .
                0x00000008                        ___data_len = (___data_high - ___data_low)
                0x00d052c6                        . = BSSHEAP_LOW
                0x00d052c6                        ___bss_low = .

.bss            0x00d052c8     0xc2f0
 *(.dynbss)
 *(.bss .bss.* .gnu.linkonce.b.*)
 .bss._ShortStrBuffer
                0x00d052c8       0x10 obj/MLUAR.o
 .bss._ShortStrBufferIdx
                0x00d052d8        0x3 obj/MLUAR.o
 .bss._StackTraceBuffer
                0x00d052db      0x200 obj/MLUAR.o
 .bss._GfxActive
                0x00d054db        0x1 obj/MLUAR.o
 *fill*         0x00d054dc        0x4 
 .bss._LuaHeap  0x00d054e0     0xc000 obj/MLUAR.o
 .bss._MLuaCeRunLoop.names
                0x00d114e0       0xd8 obj/MLUAR.o
 *(COMMON)
                0x00d115b8                        ___bss_high = .
                0x0000c2f2                        ___bss_len = (___bss_high - ___bss_low)
                0x00000001                        ASSERT ((. <= BSSHEAP_HIGH), Error: BSS exceed BSSHEAP_HIGH limit)
                0x00d115b8                        ___heap_low = .
                0x00d13fd8                        . = BSSHEAP_HIGH
                0x00d13fd8                        ___heap_high = .

.runprgm
 *(.runprgm.reloc)

.debug_info
 *(.debug_info .debug_info.*)

.debug_abbrev
 *(.debug_abbrev .debug_abbrev.*)

.debug_line
 *(.debug_line .debug_line.*)

.debug_line_str
 *(.debug_line_str .debug_line_str.*)

.debug_str
 *(.debug_str .debug_str.*)

.debug_str_offsets
 *(.debug_str_offsets .debug_str_offsets.*)

.debug_addr
 *(.debug_addr .debug_addr.*)

.debug_aranges
 *(.debug_aranges .debug_aranges.*)

.debug_ranges
 *(.debug_ranges .debug_ranges.*)

.debug_rnglists
 *(.debug_rnglists .debug_rnglists.*)

.debug_loc
 *(.debug_loc .debug_loc.*)

.debug_loclists
 *(.debug_loclists .debug_loclists.*)

.debug_frame
 *(.debug_frame .debug_frame.*)

.debug_macro
 *(.debug_macro .debug_macro.*)

.debug_macinfo
 *(.debug_macinfo .debug_macinfo.*)

.debug_names
 *(.debug_names .debug_names.*)

.debug_pubnames
 *(.debug_pubnames .debug_pubnames.*)

.debug_pubtypes
 *(.debug_pubtypes .debug_pubtypes.*)

.debug_types
 *(.debug_types .debug_types.*)

.debug_sup
 *(.debug_sup .debug_sup.*)

.debug_cu_index
 *(.debug_cu_index .debug_cu_index.*)

.debug_tu_index
 *(.debug_tu_index .debug_tu_index.*)

.gdb_index
 *(.gdb_index)

.debug_gdb_scripts
 *(.debug_gdb_scripts)

.debug_abbrev.dwo
 *(.debug_abbrev.dwo .debug_abbrev.dwo.*)

.debug_info.dwo
 *(.debug_info.dwo .debug_info.dwo.*)

.debug_line.dwo
 *(.debug_line.dwo .debug_line.dwo.*)

.debug_loclists.dwo
 *(.debug_loclists.dwo .debug_loclists.dwo.*)

.debug_macro.dwo
 *(.debug_macro.dwo .debug_macro.dwo.*)

.debug_rnglists.dwo
 *(.debug_rnglists.dwo .debug_rnglists.dwo.*)

.debug_str.dwo
 *(.debug_str.dwo .debug_str.dwo.*)

.debug_str_offsets.dwo
 *(.debug_str_offsets.dwo .debug_str_offsets.dwo.*)

.eh_frame
 *(.eh_frame)

.eh_frame_hdr
 *(.eh_frame_hdr)

/DISCARD/
 *(.comment)
 *(.note*)
                [!provide]                        PROVIDE (___runprgm_reloc_len = (___runprgm_reloc_end - ___runprgm_reloc_start))
LOAD obj/MLUAR.o
LOAD obj/crt0.o
START GROUP
LOAD /home/tornadus/CEdev/lib/libc/allocator_standard.a
LOAD /home/tornadus/CEdev/lib/crt/libcrt.a
LOAD /home/tornadus/CEdev/lib/ce/libce.a
LOAD /home/tornadus/CEdev/lib/softfloat/libsoftfloat.a
LOAD /home/tornadus/CEdev/lib/libc/libc_os.a
LOAD /home/tornadus/CEdev/lib/libcxx/libcxx.a
END GROUP
OUTPUT(bin/MLUAR.obj elf32-z80)
