
Merging object attributes


Discarded input sections

 .comment       0x00000000      0xc97 obj/MLUA.o
 .note.GNU-stack
                0x00000000        0x0 obj/MLUA.o
 .init.weak_crt
                0x00000000       0x10 obj/MLUA.o
 .text          0x00000000        0x0 obj/crt0.o
 .data          0x00000000        0x0 obj/crt0.o
 .bss           0x00000000        0x0 obj/crt0.o

Memory Configuration

Name             Origin             Length             Attributes
prgm             0x00d1a87f         0x00400000
bss              0x00d052c6         0x0000ed12
*default*        0x00000000         0xffffffff

Linker script and memory map

                0x00d1a87f                        LOAD_ADDR = 0xd1a87f
                0x00d052c6                        BSSHEAP_LOW = 0xd052c6
                0x00d13fd8                        BSSHEAP_HIGH = 0xd13fd8
                0x00d1a87e                        STACK_HIGH = 0xd1a87e
                0x00000001                        __TICE__ = 0x1
                0x00d1a87f                        . = LOAD_ADDR

.header         0x00d1a87f       0x11
 *(.header)
 .header        0x00d1a87f        0x3 obj/crt0.o
 *(.header.icon)
 .header.icon   0x00d1a882        0xe obj/MLUA.o
                0x00d1a887                ___description

.init           0x00d1a890      0x12e
 *(.init)
 .init          0x00d1a890      0x12e obj/crt0.o
                0x00d1a890                __start
                0x00d1a8ed                __libload_library_GRAPHX
                0x00d1a8f6                _gfx_Begin
                0x00d1a8fa                _gfx_End
                0x00d1a8fe                _gfx_SetColor
                0x00d1a902                _gfx_FillScreen
                0x00d1a906                _gfx_SetPixel
                0x00d1a90a                _gfx_SetDraw
                0x00d1a90e                _gfx_SwapDraw
                0x00d1a912                _gfx_PrintStringXY
                0x00d1a916                _gfx_SetTextBGColor
                0x00d1a91a                _gfx_SetTextFGColor
                0x00d1a91e                _gfx_Line
                0x00d1a922                _gfx_Circle
                0x00d1a926                _gfx_FillCircle
                0x00d1a92a                _gfx_Rectangle
                0x00d1a92e                _gfx_FillRectangle
                0x00d1a982                ___exithl
                0x00d1a983                _exit.sp

.text           0x00d1a9be    0x2085e
 *(.text.unlikely .text.*_unlikely .text.unlikely.*)
 *(.text.exit .text.exit.*)
 *(.text.startup .text.startup.*)
 *(.text.hot .text.hot.*)
 *(SORT_BY_NAME(.text.sorted.*))
 *(.text .stub .text.* .gnu.linkonce.t.*)
 .text          0x00d1a9be      0x5f5 obj/MLUA.o
                0x00d1a9be                __land
                0x00d1a9c2                __iand
                0x00d1a9d9                __bshl
                0x00d1a9e2                __bshru
                0x00d1a9ec                __fneg
                0x00d1a9f9                __frameset
                0x00d1aa07                __frameset0
                0x00d1aa12                __frem
                0x00d1aa2a                __ftoll
                0x00d1aa2a                __ftoull
                0x00d1aa38                __imuls
                0x00d1aa38                __imulu
                0x00d1aa68                __indcallhl
                0x00d1aa69                __ineg
                0x00d1aa69                __sneg
                0x00d1aa72                __inot
                0x00d1aa72                __snot
                0x00d1aa7c                __sshl
                0x00d1aa7c                __ishl
                0x00d1aaa2                __ishru
                0x00d1aaa7                __ishrs
                0x00d1aae3                __ladd
                0x00d1aae9                __lcmps
                0x00d1aaf6                __lcmpu
                0x00d1aafe                __lcmpzero
                0x00d1aafe                __lequzero
                0x00d1ab09                __ldivu
                0x00d1ab13                __ldivu_lremu_common
                0x00d1ab3b                __lladd
                0x00d1ab5f                __lland
                0x00d1ab9b                __llcmps
                0x00d1abc8                __llcmpu
                0x00d1abf2                __llcmpzero
                0x00d1abf2                __llequzero
                0x00d1ac07                __lldivu
                0x00d1ac1b                __lldvrmu
                0x00d1ac22                __lldvrmu.hijack
                0x00d1ac79                __llmulu
                0x00d1acce                __llneg
                0x00d1accf                __llneg.hijack_nc
                0x00d1ace7                __llnot
                0x00d1acfb                __llor
                0x00d1ad37                __llshl
                0x00d1ad51                __llshru
                0x00d1ad81                __llshrs
                0x00d1adbd                __llsub
                0x00d1addf                __lltof
                0x00d1adf2                __llxor
                0x00d1ae2e                __lmuls
                0x00d1ae2e                __lmulu
                0x00d1ae8a                __lneg
                0x00d1ae97                __lnot
                0x00d1aea4                __lrems
                0x00d1aeb7                __lremu
                0x00d1aec3                __lshl
                0x00d1aed0                __lshrs
                0x00d1aeea                __lshru
                0x00d1aef8                __lsub
                0x00d1af02                __lor
                0x00d1af06                __ior
                0x00d1af1d                __sand
                0x00d1af26                __setflag
                0x00d1af30                __ulltof
                0x00d1af43                __ultof
                0x00d1af57                __lxor
                0x00d1af5b                __ixor
                0x00d1af72                __ldivs_lrems_common
                0x00d1af83                _clock
                0x00d1af8e                _atomic_load_increasing_32
 .text._MLuaNextGCThreshold
                0x00d1afb3      0x13e obj/MLUA.o
                0x00d1afb3                _MLuaNextGCThreshold
 .text._MLuaNewConstrainedState
                0x00d1b0f1      0x179 obj/MLUA.o
                0x00d1b0f1                _MLuaNewConstrainedState
 .text._InitStateCommon
                0x00d1b26a      0x188 obj/MLUA.o
 .text._MLuaAlloc
                0x00d1b3f2       0x1f obj/MLUA.o
                0x00d1b3f2                _MLuaAlloc
 .text._AllocRaw
                0x00d1b411       0x76 obj/MLUA.o
 .text._CoreAlloc
                0x00d1b487      0x145 obj/MLUA.o
 .text._MLuaAllocNC
                0x00d1b5cc       0x1f obj/MLUA.o
                0x00d1b5cc                _MLuaAllocNC
 .text._MLuaAllocObject
                0x00d1b5eb       0x25 obj/MLUA.o
                0x00d1b5eb                _MLuaAllocObject
 .text._AllocObject
                0x00d1b610       0x88 obj/MLUA.o
 .text._MLuaAllocObjectNC
                0x00d1b698       0x24 obj/MLUA.o
                0x00d1b698                _MLuaAllocObjectNC
 .text._MLuaProtoNew
                0x00d1b6bc       0x5e obj/MLUA.o
                0x00d1b6bc                _MLuaProtoNew
 .text._MLuaEmitBytes
                0x00d1b71a       0xe3 obj/MLUA.o
                0x00d1b71a                _MLuaEmitBytes
 .text._GrowCode
                0x00d1b7fd       0xa7 obj/MLUA.o
 .text._MLuaEmitOp
                0x00d1b8a4       0x28 obj/MLUA.o
                0x00d1b8a4                _MLuaEmitOp
 .text._MLuaInsertBytes
                0x00d1b8cc      0x19c obj/MLUA.o
                0x00d1b8cc                _MLuaInsertBytes
 .text._MLuaEmitOpB
                0x00d1ba68       0x2e obj/MLUA.o
                0x00d1ba68                _MLuaEmitOpB
 .text._MLuaAddConstant
                0x00d1ba96       0xf1 obj/MLUA.o
                0x00d1ba96                _MLuaAddConstant
 .text._GrowConstants
                0x00d1bb87       0xbe obj/MLUA.o
 .text._MLuaAddConstantRaw
                0x00d1bc45       0x9c obj/MLUA.o
                0x00d1bc45                _MLuaAddConstantRaw
 .text._MLuaAddStringK
                0x00d1bce1       0x40 obj/MLUA.o
                0x00d1bce1                _MLuaAddStringK
 .text._MLuaPatchJump
                0x00d1bd21       0x5f obj/MLUA.o
                0x00d1bd21                _MLuaPatchJump
 .text._MLuaEmitLine
                0x00d1bd80      0x1bd obj/MLUA.o
                0x00d1bd80                _MLuaEmitLine
 .text._MLuaGetLine
                0x00d1bf3d       0xd9 obj/MLUA.o
                0x00d1bf3d                _MLuaGetLine
 .text._MLuaIntToStr
                0x00d1c016      0x110 obj/MLUA.o
                0x00d1c016                _MLuaIntToStr
 .text._MLuaDoubleToStr
                0x00d1c126      0x362 obj/MLUA.o
                0x00d1c126                _MLuaDoubleToStr
 .text._MLuaValueToStr
                0x00d1c488      0x4e0 obj/MLUA.o
                0x00d1c488                _MLuaValueToStr
 .text._MLuaGetIntVal
                0x00d1c968       0x35 obj/MLUA.o
 .text._WriteHexPtr
                0x00d1c99d      0x12a obj/MLUA.o
 .text._MLuaStrToNumber
                0x00d1cac7      0x514 obj/MLUA.o
                0x00d1cac7                _MLuaStrToNumber
 .text._MLuaStrToInt
                0x00d1cfdb      0x236 obj/MLUA.o
                0x00d1cfdb                _MLuaStrToInt
 .text._MLuaFormat
                0x00d1d211     0x12b1 obj/MLUA.o
                0x00d1d211                _MLuaFormat
 .text._FmtUnsigned
                0x00d1e4c2       0xfb obj/MLUA.o
 .text._MemCpy  0x00d1e5bd       0x46 obj/MLUA.o
                0x00d1e5bd                _MemCpy
 .text._MemMove
                0x00d1e603       0x8c obj/MLUA.o
                0x00d1e603                _MemMove
 .text._MemCmp  0x00d1e68f       0x53 obj/MLUA.o
                0x00d1e68f                _MemCmp
 .text._StrLen  0x00d1e6e2       0x2a obj/MLUA.o
                0x00d1e6e2                _StrLen
 .text._MLuaClosureNew
                0x00d1e70c       0x81 obj/MLUA.o
                0x00d1e70c                _MLuaClosureNew
 .text._MLuaUpvalueNew
                0x00d1e78d       0x47 obj/MLUA.o
                0x00d1e78d                _MLuaUpvalueNew
 .text._MLuaFindUpvalue
                0x00d1e7d4       0x90 obj/MLUA.o
                0x00d1e7d4                _MLuaFindUpvalue
 .text._MLuaCloseUpvalues
                0x00d1e864       0x4f obj/MLUA.o
                0x00d1e864                _MLuaCloseUpvalues
 .text._MLuaGCMarkObject
                0x00d1e8b3       0x54 obj/MLUA.o
                0x00d1e8b3                _MLuaGCMarkObject
 .text._MLuaGCMark
                0x00d1e907       0x26 obj/MLUA.o
                0x00d1e907                _MLuaGCMark
 .text._MLuaGCCollect
                0x00d1e92d     0x18a0 obj/MLUA.o
                0x00d1e92d                _MLuaGCCollect
 .text._MarkRaw
                0x00d201cd       0x20 obj/MLUA.o
 .text._UpdateValue
                0x00d201ed       0x47 obj/MLUA.o
 .text._UpdatePtr
                0x00d20234       0x35 obj/MLUA.o
 .text._UpdateDataPtr
                0x00d20269       0x32 obj/MLUA.o
 .text._MLuaLexNext
                0x00d2029b      0x8c5 obj/MLUA.o
                0x00d2029b                _MLuaLexNext
 .text._Advance
                0x00d20b60       0x8f obj/MLUA.o
 .text._Match   0x00d20bef       0x33 obj/MLUA.o
 .text._ScanNumber
                0x00d20c22      0x447 obj/MLUA.o
 .text._IsAlpha
                0x00d21069       0x30 obj/MLUA.o
 .text._MLuaLexPeek
                0x00d21099       0x51 obj/MLUA.o
                0x00d21099                _MLuaLexPeek
 .text._MLuaParse
                0x00d210ea       0xab obj/MLUA.o
                0x00d210ea                _MLuaParse
 .text._ParseOnce
                0x00d21195      0x29f obj/MLUA.o
 .text._ParseBlock
                0x00d21434     0x363d obj/MLUA.o
 .text._OptimizeLastLocalUses
                0x00d24a71      0x441 obj/MLUA.o
 .text._MarkLoopRange
                0x00d24eb2       0x84 obj/MLUA.o
 .text._IsCapturedLocal
                0x00d24f36       0x54 obj/MLUA.o
 .text._EnterParseDepth
                0x00d24f8a       0x43 obj/MLUA.o
 .text._Advance.87
                0x00d24fcd       0x34 obj/MLUA.o
 .text._AddLocal
                0x00d25001      0x1a6 obj/MLUA.o
 .text._ParseFuncBody
                0x00d251a7      0x5f5 obj/MLUA.o
 .text._Match.90
                0x00d2579c       0x21 obj/MLUA.o
 .text._ParseExpr
                0x00d257bd       0x16 obj/MLUA.o
 .text._AdjustTo1
                0x00d257d3       0x50 obj/MLUA.o
 .text._Expect  0x00d25823       0x3a obj/MLUA.o
 .text._EmitFwdJump
                0x00d2585d      0x128 obj/MLUA.o
 .text._BeginScope
                0x00d25985      0x15f obj/MLUA.o
 .text._EndScope
                0x00d25ae4       0x9b obj/MLUA.o
 .text._PushPatch
                0x00d25b7f      0x13a obj/MLUA.o
 .text._PatchFwdJump
                0x00d25cb9       0x99 obj/MLUA.o
 .text._EmitCloseIfCaptured
                0x00d25d52       0x33 obj/MLUA.o
 .text._EmitBackJump
                0x00d25d85      0x16f obj/MLUA.o
 .text._PatchAll
                0x00d25ef4       0x7a obj/MLUA.o
 .text._EmitLocalCleanup
                0x00d25f6e       0x70 obj/MLUA.o
 .text._EmitGetVar
                0x00d25fde       0x90 obj/MLUA.o
 .text._ParsePrefix
                0x00d2606e      0x5d5 obj/MLUA.o
 .text._ParseSuffixForAssign
                0x00d26643      0x4eb obj/MLUA.o
 .text._ResolveVar
                0x00d26b2e      0x351 obj/MLUA.o
 .text._TryRetractLocalPair
                0x00d26e7f      0x17a obj/MLUA.o
 .text._EmitPendingGet
                0x00d26ff9       0x98 obj/MLUA.o
 .text._AddUpval
                0x00d27091      0x18f obj/MLUA.o
 .text._EmitCallOp
                0x00d27220       0x41 obj/MLUA.o
 .text._ParseSubExpr
                0x00d27261      0x37e obj/MLUA.o
 .text._FuseCompareBranch
                0x00d275df       0xcb obj/MLUA.o
 .text._MLuaStringHash
                0x00d276aa       0x7f obj/MLUA.o
                0x00d276aa                _MLuaStringHash
 .text._MLuaStringTableInit
                0x00d27729       0x8f obj/MLUA.o
                0x00d27729                _MLuaStringTableInit
 .text._MLuaStringTableShrink
                0x00d277b8      0x241 obj/MLUA.o
                0x00d277b8                _MLuaStringTableShrink
 .text._StringTableFind
                0x00d279f9      0x12e obj/MLUA.o
 .text._MLuaStringNewShort
                0x00d27b27       0x2c obj/MLUA.o
                0x00d27b27                _MLuaStringNewShort
 .text._MLuaStringNew
                0x00d27b53      0x19d obj/MLUA.o
                0x00d27b53                _MLuaStringNew
 .text._StringHashAscii
                0x00d27cf0       0xa0 obj/MLUA.o
 .text._StringTableInsert
                0x00d27d90      0x257 obj/MLUA.o
 .text._MLuaStringLen
                0x00d27fe7       0x76 obj/MLUA.o
                0x00d27fe7                _MLuaStringLen
 .text._MLuaStringIsAscii
                0x00d2805d       0xfc obj/MLUA.o
                0x00d2805d                _MLuaStringIsAscii
 .text._MLuaStringData
                0x00d28159      0x125 obj/MLUA.o
                0x00d28159                _MLuaStringData
 .text._MLuaStringCompare
                0x00d2827e       0xd5 obj/MLUA.o
                0x00d2827e                _MLuaStringCompare
 .text._MLuaStringConcatMany
                0x00d28353      0x402 obj/MLUA.o
                0x00d28353                _MLuaStringConcatMany
 .text._MLuaTableNew
                0x00d28755       0x19 obj/MLUA.o
                0x00d28755                _MLuaTableNew
 .text._MLuaTableNewSized
                0x00d2876e      0x302 obj/MLUA.o
                0x00d2876e                _MLuaTableNewSized
 .text._MLuaTableRawGet
                0x00d28a70       0xe5 obj/MLUA.o
                0x00d28a70                _MLuaTableRawGet
 .text._IsPositiveInt
                0x00d28b55       0x5b obj/MLUA.o
 .text._HashRefresh
                0x00d28bb0       0x1c obj/MLUA.o
 .text._HashFind
                0x00d28bcc      0x18d obj/MLUA.o
 .text._HashValue
                0x00d28d59       0xf8 obj/MLUA.o
 .text._MLuaGetIntVal.131
                0x00d28e51       0x35 obj/MLUA.o
 .text._HashGrow
                0x00d28e86      0x3b0 obj/MLUA.o
 .text._MLuaTableGet
                0x00d29236       0x9b obj/MLUA.o
                0x00d29236                _MLuaTableGet
 .text._MLuaTableGetForward
                0x00d292d1       0x29 obj/MLUA.o
                0x00d292d1                _MLuaTableGetForward
 .text._MLuaTableGetField
                0x00d292fa       0xa0 obj/MLUA.o
                0x00d292fa                _MLuaTableGetField
 .text._MLuaTableSetField
                0x00d2939a       0x5d obj/MLUA.o
                0x00d2939a                _MLuaTableSetField
 .text._HashSet
                0x00d293f7      0x276 obj/MLUA.o
 .text._MLuaTableSet
                0x00d2966d       0xe9 obj/MLUA.o
                0x00d2966d                _MLuaTableSet
 .text._ArraySet
                0x00d29756      0x306 obj/MLUA.o
 .text._MLuaTableLen
                0x00d29a5c       0x28 obj/MLUA.o
                0x00d29a5c                _MLuaTableLen
 .text._MLuaTableArrayInsert
                0x00d29a84       0xff obj/MLUA.o
                0x00d29a84                _MLuaTableArrayInsert
 .text._MLuaTableArrayRemove
                0x00d29b83      0x130 obj/MLUA.o
                0x00d29b83                _MLuaTableArrayRemove
 .text._MLuaTableAppend
                0x00d29cb3       0x50 obj/MLUA.o
                0x00d29cb3                _MLuaTableAppend
 .text._MLuaTableNext
                0x00d29d03      0x243 obj/MLUA.o
                0x00d29d03                _MLuaTableNext
 .text._MLuaTableGetSafe
                0x00d29f46      0x132 obj/MLUA.o
                0x00d29f46                _MLuaTableGetSafe
 .text._MLuaTableSetSafe
                0x00d2a078      0x137 obj/MLUA.o
                0x00d2a078                _MLuaTableSetSafe
 .text._MLuaThreadNew
                0x00d2a1af      0x24f obj/MLUA.o
                0x00d2a1af                _MLuaThreadNew
 .text._MLuaThreadResume
                0x00d2a3fe      0x4e6 obj/MLUA.o
                0x00d2a3fe                _MLuaThreadResume
 .text._SaveCtx
                0x00d2a8e4      0x10f obj/MLUA.o
 .text._LoadCtx
                0x00d2a9f3      0x10f obj/MLUA.o
 .text._MLuaThreadYield
                0x00d2ab02       0xa2 obj/MLUA.o
                0x00d2ab02                _MLuaThreadYield
 .text._MLuaThreadGetStatus
                0x00d2aba4       0x25 obj/MLUA.o
                0x00d2aba4                _MLuaThreadGetStatus
 .text._MLuaUTF8SeqLen
                0x00d2abc9       0x5a obj/MLUA.o
                0x00d2abc9                _MLuaUTF8SeqLen
 .text._MLuaUTF8Decode
                0x00d2ac23      0x1c1 obj/MLUA.o
                0x00d2ac23                _MLuaUTF8Decode
 .text._MLuaUTF8Encode
                0x00d2ade4      0x124 obj/MLUA.o
                0x00d2ade4                _MLuaUTF8Encode
 .text._MLuaUTF8Len
                0x00d2af08       0x71 obj/MLUA.o
                0x00d2af08                _MLuaUTF8Len
 .text._MLuaUTF8Offset
                0x00d2af79       0x96 obj/MLUA.o
                0x00d2af79                _MLuaUTF8Offset
 .text._MLuaUndump
                0x00d2b00f      0x208 obj/MLUA.o
                0x00d2b00f                _MLuaUndump
 .text._ReadU8  0x00d2b217       0x62 obj/MLUA.o
 .text._ReadProto
                0x00d2b279      0x75d obj/MLUA.o
 .text._ReadValue
                0x00d2b9d6      0x65f obj/MLUA.o
 .text._ReadU32
                0x00d2c035      0x1d1 obj/MLUA.o
 .text._AllocArray
                0x00d2c206       0xb4 obj/MLUA.o
 .text._Need    0x00d2c2ba       0x5a obj/MLUA.o
 .text._MLuaPush
                0x00d2c314       0x64 obj/MLUA.o
                0x00d2c314                _MLuaPush
 .text._MLuaPop
                0x00d2c378       0x49 obj/MLUA.o
                0x00d2c378                _MLuaPop
 .text._MLuaGetArg
                0x00d2c3c1       0x65 obj/MLUA.o
                0x00d2c3c1                _MLuaGetArg
 .text._MLuaGetStack
                0x00d2c426       0xe3 obj/MLUA.o
                0x00d2c426                _MLuaGetStack
 .text._MLuaSetGlobal
                0x00d2c509       0x79 obj/MLUA.o
                0x00d2c509                _MLuaSetGlobal
 .text._MLuaArith
                0x00d2c582      0x3e6 obj/MLUA.o
                0x00d2c582                _MLuaArith
 .text._MLuaGetIntVal.173
                0x00d2c968       0x35 obj/MLUA.o
 .text._MLuaCompare
                0x00d2c99d      0x364 obj/MLUA.o
                0x00d2c99d                _MLuaCompare
 .text._MLuaLen
                0x00d2cd01       0xab obj/MLUA.o
                0x00d2cd01                _MLuaLen
 .text._MLuaConcat
                0x00d2cdac      0x4ab obj/MLUA.o
                0x00d2cdac                _MLuaConcat
 .text._MLuaCall
                0x00d2d257      0x430 obj/MLUA.o
                0x00d2d257                _MLuaCall
 .text._PushFrame
                0x00d2d687      0x33d obj/MLUA.o
 .text._RunVM   0x00d2d9c4     0x30e9 obj/MLUA.o
 .text._ReloadFrame
                0x00d30aad       0x88 obj/MLUA.o
 .text._VMRaise
                0x00d30b35      0x2da obj/MLUA.o
 .text._PopFrame
                0x00d30e0f       0xe8 obj/MLUA.o
 .text._TraceAppendLine
                0x00d30ef7      0x108 obj/MLUA.o
 .text._TraceAppend
                0x00d30fff       0x4a obj/MLUA.o
 .text._MLuaRunSuspended
                0x00d31049       0x37 obj/MLUA.o
                0x00d31049                _MLuaRunSuspended
 .text._MLuaExecute
                0x00d31080       0xa5 obj/MLUA.o
                0x00d31080                _MLuaExecute
 .text._MLuaPCall
                0x00d31125       0xe7 obj/MLUA.o
                0x00d31125                _MLuaPCall
 .text._MLuaDoString
                0x00d3120c       0x62 obj/MLUA.o
                0x00d3120c                _MLuaDoString
 .text._MLuaLoadString
                0x00d3126e       0x98 obj/MLUA.o
                0x00d3126e                _MLuaLoadString
 .text._MLuaLoadBytecode
                0x00d31306       0xc7 obj/MLUA.o
                0x00d31306                _MLuaLoadBytecode
 .text._MLuaDoBytecode
                0x00d313cd       0x50 obj/MLUA.o
                0x00d313cd                _MLuaDoBytecode
 .text._MLuaLoadBuffer
                0x00d3141d       0x5e obj/MLUA.o
                0x00d3141d                _MLuaLoadBuffer
 .text._MLuaDoBuffer
                0x00d3147b       0x5e obj/MLUA.o
                0x00d3147b                _MLuaDoBuffer
 .text._MLuaRegisterCFunc
                0x00d314d9      0x19c obj/MLUA.o
                0x00d314d9                _MLuaRegisterCFunc
 .text._MLuaRegisterGlobal
                0x00d31675       0x32 obj/MLUA.o
                0x00d31675                _MLuaRegisterGlobal
 .text._MLuaNewLib
                0x00d316a7       0x5b obj/MLUA.o
                0x00d316a7                _MLuaNewLib
 .text._MLuaRegisterLib
                0x00d31702       0xa7 obj/MLUA.o
                0x00d31702                _MLuaRegisterLib
 .text._MLuaOpenLibs
                0x00d317a9       0xc3 obj/MLUA.o
                0x00d317a9                _MLuaOpenLibs
 .text._BasePrint
                0x00d3186c      0xc28 obj/MLUA.o
 .text._BaseRequire
                0x00d32494       0x64 obj/MLUA.o
 .text._MLuaTypeName
                0x00d324f8       0xcd obj/MLUA.o
                0x00d324f8                _MLuaTypeName
 .text._MLuaMakeIntSafe
                0x00d325c5       0x8e obj/MLUA.o
                0x00d325c5                _MLuaMakeIntSafe
 .text._MLuaShortStrLen
                0x00d32653       0x9a obj/MLUA.o
                0x00d32653                _MLuaShortStrLen
 .text._MLuaMakeShortStr
                0x00d326ed      0x12b obj/MLUA.o
                0x00d326ed                _MLuaMakeShortStr
 .text._MLuaRawEqual
                0x00d32818       0x83 obj/MLUA.o
                0x00d32818                _MLuaRawEqual
 .text._MLuaGetIntVal.231
                0x00d3289b       0x35 obj/MLUA.o
 .text._MLuaIsNumber
                0x00d328d0       0x39 obj/MLUA.o
                0x00d328d0                _MLuaIsNumber
 .text._MLuaToNumber
                0x00d32909       0x70 obj/MLUA.o
                0x00d32909                _MLuaToNumber
 .text._MLuaMakeNumber
                0x00d32979       0x95 obj/MLUA.o
                0x00d32979                _MLuaMakeNumber
 .text._MLuaMakeFloat
                0x00d32a0e       0x58 obj/MLUA.o
                0x00d32a0e                _MLuaMakeFloat
 .text._MLuaOpenBase
                0x00d32a66      0x117 obj/MLUA.o
                0x00d32a66                _MLuaOpenBase
 .text._BaseAssert
                0x00d32b7d       0xe0 obj/MLUA.o
 .text._BaseError
                0x00d32c5d       0x2d obj/MLUA.o
 .text._BaseLoad
                0x00d32c8a      0x11f obj/MLUA.o
 .text._BaseNext
                0x00d32da9       0xbb obj/MLUA.o
 .text._BasePairs
                0x00d32e64       0x69 obj/MLUA.o
 .text._BaseIpairs
                0x00d32ecd       0x66 obj/MLUA.o
 .text._BasePcall
                0x00d32f33      0x11c obj/MLUA.o
 .text._BaseSelect
                0x00d3304f      0x19c obj/MLUA.o
 .text._BaseTonumber
                0x00d331eb      0x13b obj/MLUA.o
 .text._BaseTostring
                0x00d33326      0x11f obj/MLUA.o
 .text._BaseType
                0x00d33445       0x50 obj/MLUA.o
 .text._BaseXpcall
                0x00d33495      0x25f obj/MLUA.o
 .text._IpairsIter
                0x00d336f4       0xab obj/MLUA.o
 .text._PairsIter
                0x00d3379f       0x10 obj/MLUA.o
 .text._MLuaOpenCoroutine
                0x00d337af       0x27 obj/MLUA.o
                0x00d337af                _MLuaOpenCoroutine
 .text._CoroClose
                0x00d337d6      0x193 obj/MLUA.o
 .text._CoroCreate
                0x00d33969       0x79 obj/MLUA.o
 .text._CoroIsyieldable
                0x00d339e2       0x73 obj/MLUA.o
 .text._CoroResume
                0x00d33a55      0x163 obj/MLUA.o
 .text._CoroRunning
                0x00d33bb8       0x79 obj/MLUA.o
 .text._CoroStatus
                0x00d33c31       0x8e obj/MLUA.o
 .text._CoroYield
                0x00d33cbf       0x16 obj/MLUA.o
 .text._MLuaOpenMath
                0x00d33cd5      0x163 obj/MLUA.o
                0x00d33cd5                _MLuaOpenMath
 .text._MathAbs
                0x00d33e38       0x1a obj/MLUA.o
 .text._MathAcosF
                0x00d33e52       0x1a obj/MLUA.o
 .text._MathAsinF
                0x00d33e6c       0x1a obj/MLUA.o
 .text._MathAtanF
                0x00d33e86       0x94 obj/MLUA.o
 .text._MathCeilF
                0x00d33f1a       0x1a obj/MLUA.o
 .text._MathCosF
                0x00d33f34       0x1a obj/MLUA.o
 .text._MathCoshF
                0x00d33f4e       0x1a obj/MLUA.o
 .text._MathDeg
                0x00d33f68       0x1a obj/MLUA.o
 .text._MathExpF
                0x00d33f82       0x1a obj/MLUA.o
 .text._MathFloorF
                0x00d33f9c       0x1a obj/MLUA.o
 .text._MathFmodF
                0x00d33fb6       0x5a obj/MLUA.o
 .text._MathFrexpF
                0x00d34010       0x77 obj/MLUA.o
 .text._MathLdexpF
                0x00d34087       0x5f obj/MLUA.o
 .text._MathLogF
                0x00d340e6       0xb9 obj/MLUA.o
 .text._MathLog10F
                0x00d3419f       0x1a obj/MLUA.o
 .text._MathMax
                0x00d341b9       0xce obj/MLUA.o
 .text._MathMin
                0x00d34287       0xc9 obj/MLUA.o
 .text._MathPowF
                0x00d34350       0x61 obj/MLUA.o
 .text._MathModfF
                0x00d343b1       0x73 obj/MLUA.o
 .text._MathRad
                0x00d34424       0x1a obj/MLUA.o
 .text._MathRandom
                0x00d3443e      0x2a8 obj/MLUA.o
 .text._MathRandomseed
                0x00d346e6       0x7a obj/MLUA.o
 .text._MathSinF
                0x00d34760       0x1a obj/MLUA.o
 .text._MathSinhF
                0x00d3477a       0x1a obj/MLUA.o
 .text._MathSqrtF
                0x00d34794       0x1a obj/MLUA.o
 .text._MathTanF
                0x00d347ae       0x1a obj/MLUA.o
 .text._MathTanhF
                0x00d347c8       0x1a obj/MLUA.o
 .text._MathTointeger
                0x00d347e2       0xf6 obj/MLUA.o
 .text._MathType
                0x00d348d8       0xa2 obj/MLUA.o
 .text._MathUlt
                0x00d3497a       0x75 obj/MLUA.o
 .text._GetIntArg
                0x00d349ef       0x19 obj/MLUA.o
 .text._GetArg  0x00d34a08       0x1e obj/MLUA.o
 .text._MathTanhFThunk
                0x00d34a26       0x16 obj/MLUA.o
 .text._Math1   0x00d34a3c       0x3a obj/MLUA.o
 .text._MathTanFThunk
                0x00d34a76       0x16 obj/MLUA.o
 .text._MathSqrtFThunk
                0x00d34a8c       0x16 obj/MLUA.o
 .text._MathSinhFThunk
                0x00d34aa2       0x16 obj/MLUA.o
 .text._MathSinFThunk
                0x00d34ab8       0x16 obj/MLUA.o
 .text._MathRadThunk
                0x00d34ace       0x1a obj/MLUA.o
 .text._MathLog10FThunk
                0x00d34ae8       0x16 obj/MLUA.o
 .text._MathFloorFThunk
                0x00d34afe       0x16 obj/MLUA.o
 .text._MathExpFThunk
                0x00d34b14       0x16 obj/MLUA.o
 .text._MathDegThunk
                0x00d34b2a       0x1a obj/MLUA.o
 .text._MathCoshFThunk
                0x00d34b44       0x16 obj/MLUA.o
 .text._MathCosFThunk
                0x00d34b5a       0x16 obj/MLUA.o
 .text._MathCeilFThunk
                0x00d34b70       0x16 obj/MLUA.o
 .text._MathAsinFThunk
                0x00d34b86       0x16 obj/MLUA.o
 .text._MathAcosFThunk
                0x00d34b9c       0x16 obj/MLUA.o
 .text._MathAbsThunk
                0x00d34bb2       0x16 obj/MLUA.o
 .text._MLuaOpenString
                0x00d34bc8       0x27 obj/MLUA.o
                0x00d34bc8                _MLuaOpenString
 .text._StringByte
                0x00d34bef      0x392 obj/MLUA.o
 .text._StringChar
                0x00d34f81      0x231 obj/MLUA.o
 .text._StringFind
                0x00d351b2      0x9c7 obj/MLUA.o
 .text._StringFormat
                0x00d35b79      0x5d0 obj/MLUA.o
 .text._StringLen
                0x00d36149       0x75 obj/MLUA.o
 .text._StringLower
                0x00d361be       0xe4 obj/MLUA.o
 .text._StringMatch
                0x00d362a2      0x612 obj/MLUA.o
 .text._StringRep
                0x00d368b4      0x1a1 obj/MLUA.o
 .text._StringReverse
                0x00d36a55      0x13d obj/MLUA.o
 .text._StringSub
                0x00d36b92      0x2c6 obj/MLUA.o
 .text._StringUpper
                0x00d36e58       0xe4 obj/MLUA.o
 .text._GetStrArg
                0x00d36f3c       0x53 obj/MLUA.o
 .text._PushBuiltString
                0x00d36f8f       0x30 obj/MLUA.o
 .text._MLuaGetIntVal.334
                0x00d36fbf       0x35 obj/MLUA.o
 .text._PatMatch
                0x00d36ff4      0x301 obj/MLUA.o
 .text._MatchRepeat
                0x00d372f5      0x118 obj/MLUA.o
 .text._MatchSingle
                0x00d3740d       0xbe obj/MLUA.o
 .text._MatchClass
                0x00d374cb      0x12a obj/MLUA.o
 .text._MLuaOpenTable
                0x00d375f5       0x3d obj/MLUA.o
                0x00d375f5                _MLuaOpenTable
 .text._TableUnpack
                0x00d37632      0x171 obj/MLUA.o
 .text._MLuaGetIntVal.343
                0x00d377a3       0x35 obj/MLUA.o
 .text._TableConcat
                0x00d377d8      0x66e obj/MLUA.o
 .text._TableForwardF
                0x00d37e46       0x4e obj/MLUA.o
 .text._TableInsert
                0x00d37e94      0x1c0 obj/MLUA.o
 .text._TableMaxn
                0x00d38054      0x2ac obj/MLUA.o
 .text._TablePack
                0x00d38300      0x138 obj/MLUA.o
 .text._TableRemove
                0x00d38438       0xff obj/MLUA.o
 .text._TableSort
                0x00d38537     0x103c obj/MLUA.o
 .text._SortGet
                0x00d39573       0x70 obj/MLUA.o
 .text._TableSortCompare
                0x00d395e3      0x1f4 obj/MLUA.o
 .text._SortSwap
                0x00d397d7      0x15e obj/MLUA.o
 .text._IsAnyString
                0x00d39935       0x35 obj/MLUA.o
 .text._ConcatElemToStr
                0x00d3996a       0x57 obj/MLUA.o
 .text._MLuaCeOpenLibs
                0x00d399c1      0x1f9 obj/MLUA.o
                0x00d399c1                _MLuaCeOpenLibs
 .text._SetConst
                0x00d39bba       0x7b obj/MLUA.o
 .text._TimerMillis
                0x00d39c35       0x29 obj/MLUA.o
 .text._TimerSleep
                0x00d39c5e       0x63 obj/MLUA.o
 .text._ClockMillis
                0x00d39cc1       0x5b obj/MLUA.o
 .text._GetIntArg.372
                0x00d39d1c       0x27 obj/MLUA.o
 .text._KeyScanBlocking
                0x00d39d43        0xf obj/MLUA.o
 .text._KeyScan
                0x00d39d52        0xe obj/MLUA.o
 .text._KeyIsDown
                0x00d39d60       0x65 obj/MLUA.o
 .text._KeyAny  0x00d39dc5       0x88 obj/MLUA.o
 .text._KeyRow  0x00d39e4d       0x80 obj/MLUA.o
 .text._GfxBegin
                0x00d39ecd       0x29 obj/MLUA.o
 .text._GfxEnd  0x00d39ef6        0xe obj/MLUA.o
 .text._GfxSwap
                0x00d39f04        0xe obj/MLUA.o
 .text._GfxColor
                0x00d39f12       0x1f obj/MLUA.o
 .text._GfxFillScreen
                0x00d39f31       0x1f obj/MLUA.o
 .text._GfxPixel
                0x00d39f50       0x3c obj/MLUA.o
 .text._GfxLine
                0x00d39f8c       0x6a obj/MLUA.o
 .text._GfxRect
                0x00d39ff6       0x6a obj/MLUA.o
 .text._GfxFillRect
                0x00d3a060       0x6a obj/MLUA.o
 .text._GfxCircle
                0x00d3a0ca       0x53 obj/MLUA.o
 .text._GfxFillCircle
                0x00d3a11d       0x53 obj/MLUA.o
 .text._GfxText
                0x00d3a170       0x9d obj/MLUA.o
 .text._GfxTextColor
                0x00d3a20d       0x57 obj/MLUA.o
 .text._MLuaCeGfxCleanup
                0x00d3a264       0x12 obj/MLUA.o
                0x00d3a264                _MLuaCeGfxCleanup
 .text._MLuaCeConsoleInit
                0x00d3a276       0x11 obj/MLUA.o
                0x00d3a276                _MLuaCeConsoleInit
 .text._MLuaCeConsoleWrite
                0x00d3a287      0x10b obj/MLUA.o
                0x00d3a287                _MLuaCeConsoleWrite
 .text._MLuaCeConsoleWriteStr
                0x00d3a392       0x40 obj/MLUA.o
                0x00d3a392                _MLuaCeConsoleWriteStr
 .text._MLuaCeConsolePause
                0x00d3a3d2        0xf obj/MLUA.o
                0x00d3a3d2                _MLuaCeConsolePause
 .text._MLuaCeLoadVar
                0x00d3a3e1       0x51 obj/MLUA.o
                0x00d3a3e1                _MLuaCeLoadVar
 .text._MLuaCeListScripts
                0x00d3a432      0x1a5 obj/MLUA.o
                0x00d3a432                _MLuaCeListScripts
 .text._MLuaCeRequire
                0x00d3a5d7       0xed obj/MLUA.o
                0x00d3a5d7                _MLuaCeRequire
 .text._MLuaCeNewState
                0x00d3a6c4       0x5d obj/MLUA.o
                0x00d3a6c4                _MLuaCeNewState
 .text._CeOutput
                0x00d3a721       0x1c obj/MLUA.o
 .text._MLuaCeRun
                0x00d3a73d       0xd8 obj/MLUA.o
                0x00d3a73d                _MLuaCeRun
 .text._MLuaCeRunLoop
                0x00d3a815      0x2f4 obj/MLUA.o
                0x00d3a815                _MLuaCeRunLoop
 .text._main    0x00d3ab09        0x8 obj/MLUA.o
                0x00d3ab09                _main
 .text._MLuaCeRepl
                0x00d3ab11      0x47d obj/MLUA.o
                0x00d3ab11                _MLuaCeRepl
 .text.__ftoll_c
                0x00d3af8e      0x10d obj/MLUA.o
                0x00d3af8e                __ftoll_c
 .text.__lltof_c
                0x00d3b09b       0xab obj/MLUA.o
                0x00d3b09b                __lltof_c
 .text.__ulltof_c
                0x00d3b146       0x73 obj/MLUA.o
                0x00d3b146                __ulltof_c
 .text.__bctlz  0x00d3b1b9       0x22 obj/MLUA.o
                0x00d3b1b9                __bctlz
 .text.__sctlz  0x00d3b1db        0xc obj/MLUA.o
                0x00d3b1db                __sctlz
 .text.__ictlz  0x00d3b1e7       0x12 obj/MLUA.o
                0x00d3b1e7                __ictlz
 .text.__llctlz
                0x00d3b1f9        0xe obj/MLUA.o
                0x00d3b1f9                __llctlz
 .text.__i48ctlz
                0x00d3b207       0x15 obj/MLUA.o
                0x00d3b207                __i48ctlz
 *(.gnu.warning)

.rodata         0x00d3b21c     0x1b4c
 *(.rodata .rodata.* .gnu.linkonce.r.*)
 .rodata._MLuaValueToStr
                0x00d3b21c       0x24 obj/MLUA.o
 .rodata._MLuaFormat
                0x00d3b240       0x42 obj/MLUA.o
 .rodata._MLuaGCCollect
                0x00d3b282       0x24 obj/MLUA.o
 .rodata._MLuaLexNext
                0x00d3b2a6       0x72 obj/MLUA.o
 .rodata._ParseBlock
                0x00d3b318       0x48 obj/MLUA.o
 .rodata._ParsePrefix
                0x00d3b360       0x33 obj/MLUA.o
 .rodata._ParseSuffixForAssign
                0x00d3b393       0x1e obj/MLUA.o
 .rodata._ParseSubExpr
                0x00d3b3b1       0xd8 obj/MLUA.o
 .rodata._MLuaUTF8Decode
                0x00d3b489        0xc obj/MLUA.o
 .rodata._ReadValue
                0x00d3b495       0x12 obj/MLUA.o
 .rodata._MLuaArith
                0x00d3b4a7       0x30 obj/MLUA.o
 .rodata._MLuaCompare
                0x00d3b4d7        0xc obj/MLUA.o
 .rodata._MLuaTypeName
                0x00d3b4e3        0xf obj/MLUA.o
 .rodata._MatchClass
                0x00d3b4f2       0x27 obj/MLUA.o
 .rodata._MLuaCeRunLoop
                0x00d3b519       0x1e obj/MLUA.o
 .rodata._MLuaCeRepl
                0x00d3b537       0x4e obj/MLUA.o
 .rodata._OpSizes
                0x00d3b585       0x83 obj/MLUA.o
 .rodata._.str  0x00d3b608        0xb obj/MLUA.o
 .rodata._.str.1
                0x00d3b613        0x8 obj/MLUA.o
 .rodata._.str.2
                0x00d3b61b        0x8 obj/MLUA.o
 .rodata._.str.3
                0x00d3b623        0xb obj/MLUA.o
 .rodata._.str.4
                0x00d3b62e        0xa obj/MLUA.o
 .rodata._.str.5
                0x00d3b638        0x9 obj/MLUA.o
 .rodata._.str.6
                0x00d3b641        0xa obj/MLUA.o
 .rodata._.str.9
                0x00d3b64b       0x11 obj/MLUA.o
 .rodata._.str.10
                0x00d3b65c       0x11 obj/MLUA.o
 .rodata._.str.11
                0x00d3b66d       0x19 obj/MLUA.o
 .rodata._.str.1.12
                0x00d3b686       0x15 obj/MLUA.o
 .rodata._.str.56
                0x00d3b69b       0x1e obj/MLUA.o
 .rodata._.str.57
                0x00d3b6b9       0x17 obj/MLUA.o
 .rodata._.str.58
                0x00d3b6d0       0x29 obj/MLUA.o
 .rodata._.str.59
                0x00d3b6f9       0x12 obj/MLUA.o
 .rodata._.str.60
                0x00d3b70b       0x18 obj/MLUA.o
 .rodata._Keywords
                0x00d3b723       0x84 obj/MLUA.o
 .rodata._.str.62
                0x00d3b7a7        0x4 obj/MLUA.o
 .rodata._.str.63
                0x00d3b7ab        0x6 obj/MLUA.o
 .rodata._.str.64
                0x00d3b7b1        0x3 obj/MLUA.o
 .rodata._.str.65
                0x00d3b7b4        0x5 obj/MLUA.o
 .rodata._.str.66
                0x00d3b7b9        0x7 obj/MLUA.o
 .rodata._.str.67
                0x00d3b7c0        0x4 obj/MLUA.o
 .rodata._.str.68
                0x00d3b7c4        0x6 obj/MLUA.o
 .rodata._.str.69
                0x00d3b7ca        0x4 obj/MLUA.o
 .rodata._.str.71
                0x00d3b7ce        0x3 obj/MLUA.o
 .rodata._.str.72
                0x00d3b7d1        0x3 obj/MLUA.o
 .rodata._.str.73
                0x00d3b7d4        0x6 obj/MLUA.o
 .rodata._.str.75
                0x00d3b7da        0x4 obj/MLUA.o
 .rodata._.str.76
                0x00d3b7de        0x3 obj/MLUA.o
 .rodata._.str.77
                0x00d3b7e1        0x7 obj/MLUA.o
 .rodata._.str.78
                0x00d3b7e8        0x7 obj/MLUA.o
 .rodata._.str.79
                0x00d3b7ef        0x5 obj/MLUA.o
 .rodata._.str.80
                0x00d3b7f4        0x5 obj/MLUA.o
 .rodata._.str.81
                0x00d3b7f9        0x6 obj/MLUA.o
 .rodata._.str.82
                0x00d3b7ff        0x6 obj/MLUA.o
 .rodata._.str.83
                0x00d3b805       0x2a obj/MLUA.o
 .rodata._.str.2.85
                0x00d3b82f       0x13 obj/MLUA.o
 .rodata._.str.3.86
                0x00d3b842       0x17 obj/MLUA.o
 .rodata._.str.4.119
                0x00d3b859       0x18 obj/MLUA.o
 .rodata._.str.5.88
                0x00d3b871       0x17 obj/MLUA.o
 .rodata._.str.6.89
                0x00d3b888       0x17 obj/MLUA.o
 .rodata._.str.7.118
                0x00d3b89f       0x23 obj/MLUA.o
 .rodata._.str.8.114
                0x00d3b8c2       0x1b obj/MLUA.o
 .rodata._.str.9.115
                0x00d3b8dd        0x5 obj/MLUA.o
 .rodata._.str.10.116
                0x00d3b8e2       0x18 obj/MLUA.o
 .rodata._.str.11.117
                0x00d3b8fa       0x1a obj/MLUA.o
 .rodata._.str.12.111
                0x00d3b914       0x23 obj/MLUA.o
 .rodata._.str.13.112
                0x00d3b937       0x1f obj/MLUA.o
 .rodata._.str.14.108
                0x00d3b956       0x1c obj/MLUA.o
 .rodata._.str.15.103
                0x00d3b972       0x14 obj/MLUA.o
 .rodata._.str.16.109
                0x00d3b986       0x1f obj/MLUA.o
 .rodata._.str.17.110
                0x00d3b9a5       0x25 obj/MLUA.o
 .rodata._.str.18.95
                0x00d3b9ca       0x1f obj/MLUA.o
 .rodata._.str.19.113
                0x00d3b9e9       0x11 obj/MLUA.o
 .rodata._.str.20.91
                0x00d3b9fa        0xa obj/MLUA.o
 .rodata._.str.21.92
                0x00d3ba04        0xa obj/MLUA.o
 .rodata._.str.22.93
                0x00d3ba0e        0xa obj/MLUA.o
 .rodata._.str.23.94
                0x00d3ba18        0xa obj/MLUA.o
 .rodata._.str.24.102
                0x00d3ba22       0x21 obj/MLUA.o
 .rodata._.str.25.96
                0x00d3ba43        0xf obj/MLUA.o
 .rodata._.str.26.97
                0x00d3ba52        0xc obj/MLUA.o
 .rodata._.str.27.98
                0x00d3ba5e        0xe obj/MLUA.o
 .rodata._.str.28.99
                0x00d3ba6c       0x12 obj/MLUA.o
 .rodata._.str.29.100
                0x00d3ba7e        0xc obj/MLUA.o
 .rodata._.str.30.101
                0x00d3ba8a       0x28 obj/MLUA.o
 .rodata._.str.31.104
                0x00d3bab2       0x1a obj/MLUA.o
 .rodata._.str.32.105
                0x00d3bacc       0x24 obj/MLUA.o
 .rodata._.str.33.106
                0x00d3baf0       0x1b obj/MLUA.o
 .rodata._.str.34.107
                0x00d3bb0b        0xd obj/MLUA.o
 .rodata._switch.table.FuseCompareBranch
                0x00d3bb18        0xc obj/MLUA.o
 .rodata._.str.124
                0x00d3bb24       0x10 obj/MLUA.o
 .rodata._.str.2.130
                0x00d3bb34        0x1 obj/MLUA.o
 .rodata._.str.132
                0x00d3bb35       0x2a obj/MLUA.o
 .rodata._.str.1.133
                0x00d3bb5f       0x1d obj/MLUA.o
 .rodata._.str.2.134
                0x00d3bb7c       0x23 obj/MLUA.o
 .rodata._.str.3.135
                0x00d3bb9f       0x17 obj/MLUA.o
 .rodata._.str.136
                0x00d3bbb6       0x19 obj/MLUA.o
 .rodata._.str.1.137
                0x00d3bbcf       0x1d obj/MLUA.o
 .rodata._.str.2.138
                0x00d3bbec       0x26 obj/MLUA.o
 .rodata._.str.4.140
                0x00d3bc12       0x2a obj/MLUA.o
 .rodata._.str.5.141
                0x00d3bc3c       0x2a obj/MLUA.o
 .rodata._.str.144
                0x00d3bc66       0x13 obj/MLUA.o
 .rodata._.str.1.145
                0x00d3bc79       0x1d obj/MLUA.o
 .rodata._.str.2.146
                0x00d3bc96       0x1c obj/MLUA.o
 .rodata._.str.3.147
                0x00d3bcb2       0x20 obj/MLUA.o
 .rodata._.str.4.148
                0x00d3bcd2       0x23 obj/MLUA.o
 .rodata._.str.5.142
                0x00d3bcf5       0x11 obj/MLUA.o
 .rodata._.str.6.149
                0x00d3bd06       0x23 obj/MLUA.o
 .rodata._.str.7.143
                0x00d3bd29       0x13 obj/MLUA.o
 .rodata._.str.8.150
                0x00d3bd3c       0x1f obj/MLUA.o
 .rodata._.str.9.151
                0x00d3bd5b       0x1d obj/MLUA.o
 .rodata._.str.10.152
                0x00d3bd78       0x1c obj/MLUA.o
 .rodata._.str.11.153
                0x00d3bd94       0x20 obj/MLUA.o
 .rodata._.str.12.154
                0x00d3bdb4       0x22 obj/MLUA.o
 .rodata._.str.13.155
                0x00d3bdd6       0x21 obj/MLUA.o
 .rodata._.str.14.156
                0x00d3bdf7       0x24 obj/MLUA.o
 .rodata._.str.15.157
                0x00d3be1b       0x1f obj/MLUA.o
 .rodata._.str.16.158
                0x00d3be3a       0x1c obj/MLUA.o
 .rodata._.str.17.159
                0x00d3be56       0x1f obj/MLUA.o
 .rodata._.str.18.167
                0x00d3be75       0x1a obj/MLUA.o
 .rodata._.str.19.168
                0x00d3be8f       0x1e obj/MLUA.o
 .rodata._.str.20.160
                0x00d3bead       0x18 obj/MLUA.o
 .rodata._.str.21.161
                0x00d3bec5       0x22 obj/MLUA.o
 .rodata._.str.22.162
                0x00d3bee7       0x1f obj/MLUA.o
 .rodata._.str.23.163
                0x00d3bf06       0x22 obj/MLUA.o
 .rodata._.str.24.164
                0x00d3bf28       0x25 obj/MLUA.o
 .rodata._.str.25.165
                0x00d3bf4d       0x22 obj/MLUA.o
 .rodata._.str.26.166
                0x00d3bf6f       0x24 obj/MLUA.o
 .rodata._.str.171
                0x00d3bf93        0xf obj/MLUA.o
 .rodata._.str.1.172
                0x00d3bfa2       0x34 obj/MLUA.o
 .rodata._.str.2.174
                0x00d3bfd6       0x25 obj/MLUA.o
 .rodata._.str.3.175
                0x00d3bffb       0x32 obj/MLUA.o
 .rodata._.str.5.177
                0x00d3c02d       0x23 obj/MLUA.o
 .rodata._.str.6.178
                0x00d3c050       0x2a obj/MLUA.o
 .rodata._.str.8.182
                0x00d3c07a       0x1f obj/MLUA.o
 .rodata._.str.9.183
                0x00d3c099       0x18 obj/MLUA.o
 .rodata._.str.10.184
                0x00d3c0b1       0x24 obj/MLUA.o
 .rodata._.str.11.185
                0x00d3c0d5       0x1c obj/MLUA.o
 .rodata._.str.12.186
                0x00d3c0f1       0x25 obj/MLUA.o
 .rodata._.str.13.202
                0x00d3c116       0x1e obj/MLUA.o
 .rodata._.str.14.203
                0x00d3c134       0x26 obj/MLUA.o
 .rodata._.str.16.205
                0x00d3c15a        0xe obj/MLUA.o
 .rodata._.str.17.206
                0x00d3c168        0xd obj/MLUA.o
 .rodata._.str.18.207
                0x00d3c175       0x14 obj/MLUA.o
 .rodata._.str.19.208
                0x00d3c189        0x6 obj/MLUA.o
 .rodata._.str.20.209
                0x00d3c18f        0x8 obj/MLUA.o
 .rodata._.str.21.198
                0x00d3c197       0x14 obj/MLUA.o
 .rodata._.str.22.199
                0x00d3c1ab       0x21 obj/MLUA.o
 .rodata._RunVM.DispatchTable
                0x00d3c1cc      0x300 obj/MLUA.o
 .rodata._.str.23.187
                0x00d3c4cc       0x21 obj/MLUA.o
 .rodata._.str.24.188
                0x00d3c4ed       0x1a obj/MLUA.o
 .rodata._.str.25.189
                0x00d3c507       0x10 obj/MLUA.o
 .rodata._.str.26.190
                0x00d3c517        0xf obj/MLUA.o
 .rodata._.str.27.193
                0x00d3c526        0x2 obj/MLUA.o
 .rodata._.str.28.191
                0x00d3c528        0xe obj/MLUA.o
 .rodata._.str.29.192
                0x00d3c536        0xc obj/MLUA.o
 .rodata._.str.30.194
                0x00d3c542        0x2 obj/MLUA.o
 .rodata._.str.31.195
                0x00d3c544        0x2 obj/MLUA.o
 .rodata._.str.212
                0x00d3c546        0x4 obj/MLUA.o
 .rodata._.str.1.215
                0x00d3c54a        0x8 obj/MLUA.o
 .rodata._.str.2.213
                0x00d3c552        0x7 obj/MLUA.o
 .rodata._.str.4.210
                0x00d3c559        0x9 obj/MLUA.o
 .rodata._ObjTypeNames
                0x00d3c562       0x18 obj/MLUA.o
 .rodata._.str.5.214
                0x00d3c57a        0x9 obj/MLUA.o
 .rodata._.str.6.211
                0x00d3c583        0x8 obj/MLUA.o
 .rodata._.str.8.217
                0x00d3c58b        0x8 obj/MLUA.o
 .rodata._.str.10.219
                0x00d3c593        0x6 obj/MLUA.o
 .rodata._.str.11.220
                0x00d3c599        0x8 obj/MLUA.o
 .rodata._.str.12.221
                0x00d3c5a1        0x7 obj/MLUA.o
 .rodata._.str.242
                0x00d3c5a8        0x7 obj/MLUA.o
 .rodata._.str.2.244
                0x00d3c5af        0x5 obj/MLUA.o
 .rodata._.str.3.245
                0x00d3c5b4        0xb obj/MLUA.o
 .rodata._.str.4.246
                0x00d3c5bf        0x5 obj/MLUA.o
 .rodata._.str.5.247
                0x00d3c5c4        0x6 obj/MLUA.o
 .rodata._.str.6.248
                0x00d3c5ca        0x7 obj/MLUA.o
 .rodata._.str.7.249
                0x00d3c5d1        0x6 obj/MLUA.o
 .rodata._.str.8.250
                0x00d3c5d7        0x7 obj/MLUA.o
 .rodata._.str.9.251
                0x00d3c5de        0x9 obj/MLUA.o
 .rodata._.str.10.252
                0x00d3c5e7        0x9 obj/MLUA.o
 .rodata._.str.12.254
                0x00d3c5f0        0x7 obj/MLUA.o
 .rodata._.str.13.259
                0x00d3c5f7       0x12 obj/MLUA.o
 .rodata._.str.14.257
                0x00d3c609        0x8 obj/MLUA.o
 .rodata._.str.15.258
                0x00d3c611       0x16 obj/MLUA.o
 .rodata._.str.16.256
                0x00d3c627       0x21 obj/MLUA.o
 .rodata._.str.17.255
                0x00d3c648       0x24 obj/MLUA.o
 .rodata._.str.262
                0x00d3c66c        0xa obj/MLUA.o
 .rodata._CoroLibEntries
                0x00d3c676       0x30 obj/MLUA.o
 .rodata._.str.1.263
                0x00d3c6a6        0x6 obj/MLUA.o
 .rodata._.str.2.264
                0x00d3c6ac        0x7 obj/MLUA.o
 .rodata._.str.3.265
                0x00d3c6b3        0xc obj/MLUA.o
 .rodata._.str.4.266
                0x00d3c6bf        0x7 obj/MLUA.o
 .rodata._.str.5.267
                0x00d3c6c6        0x8 obj/MLUA.o
 .rodata._.str.6.268
                0x00d3c6ce        0x7 obj/MLUA.o
 .rodata._.str.7.269
                0x00d3c6d5        0x6 obj/MLUA.o
 .rodata._.str.8.275
                0x00d3c6db       0x10 obj/MLUA.o
 .rodata._.str.9.276
                0x00d3c6eb       0x21 obj/MLUA.o
 .rodata._.str.10.274
                0x00d3c70c       0x30 obj/MLUA.o
 .rodata._.str.11.273
                0x00d3c73c        0x6 obj/MLUA.o
 .rodata._.str.12.271
                0x00d3c742        0xa obj/MLUA.o
 .rodata._.str.13.272
                0x00d3c74c        0x7 obj/MLUA.o
 .rodata._.str.14.270
                0x00d3c753        0x5 obj/MLUA.o
 .rodata._switch.table.CoroStatus
                0x00d3c758        0x9 obj/MLUA.o
 .rodata._.str.279
                0x00d3c761        0x5 obj/MLUA.o
 .rodata._MathLibEntries
                0x00d3c766       0xc6 obj/MLUA.o
 .rodata._.str.2.281
                0x00d3c82c        0x5 obj/MLUA.o
 .rodata._.str.3.282
                0x00d3c831        0xb obj/MLUA.o
 .rodata._.str.4.283
                0x00d3c83c        0xb obj/MLUA.o
 .rodata._.str.5.284
                0x00d3c847        0x4 obj/MLUA.o
 .rodata._.str.6.285
                0x00d3c84b        0x5 obj/MLUA.o
 .rodata._.str.7.286
                0x00d3c850        0x5 obj/MLUA.o
 .rodata._.str.8.287
                0x00d3c855        0x5 obj/MLUA.o
 .rodata._.str.9.288
                0x00d3c85a        0x6 obj/MLUA.o
 .rodata._.str.10.289
                0x00d3c860        0x5 obj/MLUA.o
 .rodata._.str.11.290
                0x00d3c865        0x4 obj/MLUA.o
 .rodata._.str.12.291
                0x00d3c869        0x5 obj/MLUA.o
 .rodata._.str.13.292
                0x00d3c86e        0x4 obj/MLUA.o
 .rodata._.str.14.293
                0x00d3c872        0x4 obj/MLUA.o
 .rodata._.str.15.294
                0x00d3c876        0x6 obj/MLUA.o
 .rodata._.str.16.295
                0x00d3c87c        0x5 obj/MLUA.o
 .rodata._.str.17.296
                0x00d3c881        0x6 obj/MLUA.o
 .rodata._.str.18.297
                0x00d3c887        0x6 obj/MLUA.o
 .rodata._.str.19.298
                0x00d3c88d        0x4 obj/MLUA.o
 .rodata._.str.20.299
                0x00d3c891        0x6 obj/MLUA.o
 .rodata._.str.21.300
                0x00d3c897        0x4 obj/MLUA.o
 .rodata._.str.22.301
                0x00d3c89b        0x4 obj/MLUA.o
 .rodata._.str.23.302
                0x00d3c89f        0x4 obj/MLUA.o
 .rodata._.str.24.303
                0x00d3c8a3        0x4 obj/MLUA.o
 .rodata._.str.25.304
                0x00d3c8a7        0x5 obj/MLUA.o
 .rodata._.str.26.305
                0x00d3c8ac        0x4 obj/MLUA.o
 .rodata._.str.27.306
                0x00d3c8b0        0x7 obj/MLUA.o
 .rodata._.str.28.307
                0x00d3c8b7        0xb obj/MLUA.o
 .rodata._.str.29.308
                0x00d3c8c2        0x4 obj/MLUA.o
 .rodata._.str.30.309
                0x00d3c8c6        0x5 obj/MLUA.o
 .rodata._.str.31.310
                0x00d3c8cb        0x5 obj/MLUA.o
 .rodata._.str.32.311
                0x00d3c8d0        0x4 obj/MLUA.o
 .rodata._.str.33.312
                0x00d3c8d4        0x5 obj/MLUA.o
 .rodata._.str.34.313
                0x00d3c8d9        0xa obj/MLUA.o
 .rodata._.str.35.314
                0x00d3c8e3        0x5 obj/MLUA.o
 .rodata._.str.36.315
                0x00d3c8e8        0x4 obj/MLUA.o
 .rodata._.str.37.316
                0x00d3c8ec        0x8 obj/MLUA.o
 .rodata._.str.38.317
                0x00d3c8f4        0x6 obj/MLUA.o
 .rodata._.str.320
                0x00d3c8fa        0x7 obj/MLUA.o
 .rodata._StringLibEntries
                0x00d3c901       0x48 obj/MLUA.o
 .rodata._.str.1.321
                0x00d3c949        0x5 obj/MLUA.o
 .rodata._.str.2.322
                0x00d3c94e        0x5 obj/MLUA.o
 .rodata._.str.3.323
                0x00d3c953        0x5 obj/MLUA.o
 .rodata._.str.4.324
                0x00d3c958        0x7 obj/MLUA.o
 .rodata._.str.5.325
                0x00d3c95f        0x4 obj/MLUA.o
 .rodata._.str.6.326
                0x00d3c963        0x6 obj/MLUA.o
 .rodata._.str.7.327
                0x00d3c969        0x6 obj/MLUA.o
 .rodata._.str.8.328
                0x00d3c96f        0x4 obj/MLUA.o
 .rodata._.str.9.329
                0x00d3c973        0x8 obj/MLUA.o
 .rodata._.str.10.330
                0x00d3c97b        0x4 obj/MLUA.o
 .rodata._.str.11.331
                0x00d3c97f        0x6 obj/MLUA.o
 .rodata._.str.12.335
                0x00d3c985       0x22 obj/MLUA.o
 .rodata._.str.13.336
                0x00d3c9a7       0x12 obj/MLUA.o
 .rodata._.str.14.337
                0x00d3c9b9       0x18 obj/MLUA.o
 .rodata._.str.15.338
                0x00d3c9d1       0x13 obj/MLUA.o
 .rodata._.str.341
                0x00d3c9e4        0x6 obj/MLUA.o
 .rodata._TableLibEntries
                0x00d3c9ea       0x36 obj/MLUA.o
 .rodata._.str.1.342
                0x00d3ca20        0x7 obj/MLUA.o
 .rodata._.str.2.344
                0x00d3ca27        0x7 obj/MLUA.o
 .rodata._.str.3.345
                0x00d3ca2e        0x8 obj/MLUA.o
 .rodata._.str.4.346
                0x00d3ca36        0x7 obj/MLUA.o
 .rodata._.str.5.347
                0x00d3ca3d        0x5 obj/MLUA.o
 .rodata._.str.6.348
                0x00d3ca42        0x5 obj/MLUA.o
 .rodata._.str.7.349
                0x00d3ca47        0x7 obj/MLUA.o
 .rodata._.str.8.350
                0x00d3ca4e        0x5 obj/MLUA.o
 .rodata._.str.10.356
                0x00d3ca53        0xe obj/MLUA.o
 .rodata._.str.11.352
                0x00d3ca61       0x2e obj/MLUA.o
 .rodata._.str.12.353
                0x00d3ca8f       0x35 obj/MLUA.o
 .rodata._.str.13.354
                0x00d3cac4       0x2d obj/MLUA.o
 .rodata._.str.357
                0x00d3caf1        0x4 obj/MLUA.o
 .rodata._.str.1.358
                0x00d3caf5        0x4 obj/MLUA.o
 .rodata._.str.2.359
                0x00d3caf9        0x6 obj/MLUA.o
 .rodata._GfxEntries
                0x00d3caff       0x54 obj/MLUA.o
 .rodata._KeyEntries
                0x00d3cb53       0x1e obj/MLUA.o
 .rodata._TimerEntries
                0x00d3cb71       0x12 obj/MLUA.o
 .rodata._.str.3.360
                0x00d3cb83        0x3 obj/MLUA.o
 .rodata._.str.4.361
                0x00d3cb86        0x5 obj/MLUA.o
 .rodata._.str.5.362
                0x00d3cb8b        0x5 obj/MLUA.o
 .rodata._.str.6.363
                0x00d3cb90        0x6 obj/MLUA.o
 .rodata._.str.7.364
                0x00d3cb96        0x6 obj/MLUA.o
 .rodata._.str.8.365
                0x00d3cb9c        0x6 obj/MLUA.o
 .rodata._.str.9.366
                0x00d3cba2        0x7 obj/MLUA.o
 .rodata._.str.10.367
                0x00d3cba9        0x6 obj/MLUA.o
 .rodata._.str.11.368
                0x00d3cbaf        0x5 obj/MLUA.o
 .rodata._.str.12.369
                0x00d3cbb4        0x4 obj/MLUA.o
 .rodata._.str.13.377
                0x00d3cbb8        0x6 obj/MLUA.o
 .rodata._.str.14.378
                0x00d3cbbe        0x7 obj/MLUA.o
 .rodata._.str.15.379
                0x00d3cbc5        0x5 obj/MLUA.o
 .rodata._.str.16.380
                0x00d3cbca        0x6 obj/MLUA.o
 .rodata._.str.17.381
                0x00d3cbd0        0x5 obj/MLUA.o
 .rodata._.str.18.382
                0x00d3cbd5        0x6 obj/MLUA.o
 .rodata._.str.19.383
                0x00d3cbdb        0x5 obj/MLUA.o
 .rodata._.str.20.384
                0x00d3cbe0        0x5 obj/MLUA.o
 .rodata._.str.21.385
                0x00d3cbe5        0x9 obj/MLUA.o
 .rodata._.str.22.386
                0x00d3cbee        0x7 obj/MLUA.o
 .rodata._.str.23.387
                0x00d3cbf5        0xb obj/MLUA.o
 .rodata._.str.24.388
                0x00d3cc00        0x5 obj/MLUA.o
 .rodata._.str.25.389
                0x00d3cc05        0xa obj/MLUA.o
 .rodata._.str.26.390
                0x00d3cc0f       0x1a obj/MLUA.o
 .rodata._.str.27.373
                0x00d3cc29        0x5 obj/MLUA.o
 .rodata._.str.28.374
                0x00d3cc2e        0x7 obj/MLUA.o
 .rodata._.str.29.375
                0x00d3cc35        0x4 obj/MLUA.o
 .rodata._.str.30.376
                0x00d3cc39        0x4 obj/MLUA.o
 .rodata._.str.31.370
                0x00d3cc3d        0x7 obj/MLUA.o
 .rodata._.str.32.371
                0x00d3cc44        0x6 obj/MLUA.o
 .rodata._.str.391
                0x00d3cc4a        0x4 obj/MLUA.o
 .rodata._.str.1.392
                0x00d3cc4e        0x6 obj/MLUA.o
 .rodata._.str.2.393
                0x00d3cc54        0x3 obj/MLUA.o
 .rodata._.str.3.394
                0x00d3cc57        0xe obj/MLUA.o
 .rodata._.str.4.395
                0x00d3cc65        0x2 obj/MLUA.o
 .rodata._.str.5.397
                0x00d3cc67       0x19 obj/MLUA.o
 .rodata._.str.6.396
                0x00d3cc80       0x16 obj/MLUA.o
 .rodata._.str.8.401
                0x00d3cc96        0x3 obj/MLUA.o
 .rodata._.str.9.399
                0x00d3cc99       0x1c obj/MLUA.o
 .rodata._.str.10.398
                0x00d3ccb5       0x15 obj/MLUA.o
 .rodata._.str.11.403
                0x00d3ccca       0x17 obj/MLUA.o
 .rodata._.str.13.402
                0x00d3cce1       0x18 obj/MLUA.o
 .rodata._.str.407
                0x00d3ccf9       0x1a obj/MLUA.o
 .rodata._.str.1.408
                0x00d3cd13        0xf obj/MLUA.o
 .rodata._.str.2.409
                0x00d3cd22       0x1b obj/MLUA.o
 .rodata._.str.3.411
                0x00d3cd3d        0x6 obj/MLUA.o
 .rodata._.str.4.410
                0x00d3cd43        0x3 obj/MLUA.o
 .rodata.libload
                0x00d3cd46       0x22 obj/crt0.o

.init_array     0x00d3cd68        0x0
                [!provide]                        PROVIDE (__init_array_start = .)
 *(.preinit_array)
 *(SORT_BY_INIT_PRIORITY(.init_array.*))
 *(.init_array)
                [!provide]                        PROVIDE (__init_array_end = .)

.fini_array     0x00d3cd68        0x0
                [!provide]                        PROVIDE (__fini_array_start = .)
 *(SORT_BY_INIT_PRIORITY(.fini_array.*))
 *(.fini_array)
                [!provide]                        PROVIDE (__fini_array_end = .)
                0x00d3cd68                        ___data_low = .

.data           0x00d3cd68        0x8
 *(.data .data.* .gnu.linkonce.d.*)
 .data._RandomState
                0x00d3cd68        0x8 obj/MLUA.o
 *(.data1)
                0x00d3cd70                        ___runprgm_reloc_start = .
 *(.runprgm.reloc)
                0x00d3cd70                        ___runprgm_reloc_end = .
                0x00d3cd70                        ___data_high = .
                0x00000008                        ___data_len = (___data_high - ___data_low)
                0x00d052c6                        . = BSSHEAP_LOW
                0x00d052c6                        ___bss_low = .

.bss            0x00d052c8     0xc350
 *(.dynbss)
 *(.bss .bss.* .gnu.linkonce.b.*)
 .bss._ShortStrBuffer
                0x00d052c8       0x10 obj/MLUA.o
 .bss._ShortStrBufferIdx
                0x00d052d8        0x3 obj/MLUA.o
 .bss._StackTraceBuffer
                0x00d052db      0x200 obj/MLUA.o
 .bss._GfxActive
                0x00d054db        0x1 obj/MLUA.o
 *fill*         0x00d054dc        0x4 
 .bss._LuaHeap  0x00d054e0     0xc000 obj/MLUA.o
 .bss._MLuaCeRunLoop.names
                0x00d114e0       0xd8 obj/MLUA.o
 .bss._MLuaCeRepl.line
                0x00d115b8       0x60 obj/MLUA.o
 *(COMMON)
                0x00d11618                        ___bss_high = .
                0x0000c352                        ___bss_len = (___bss_high - ___bss_low)
                0x00000001                        ASSERT ((. <= BSSHEAP_HIGH), Error: BSS exceed BSSHEAP_HIGH limit)
                0x00d11618                        ___heap_low = .
                0x00d13fd8                        . = BSSHEAP_HIGH
                0x00d13fd8                        ___heap_high = .

.runprgm
 *(.runprgm.reloc)

.debug_info
 *(.debug_info .debug_info.*)

.debug_abbrev
 *(.debug_abbrev .debug_abbrev.*)

.debug_line
 *(.debug_line .debug_line.*)

.debug_line_str
 *(.debug_line_str .debug_line_str.*)

.debug_str
 *(.debug_str .debug_str.*)

.debug_str_offsets
 *(.debug_str_offsets .debug_str_offsets.*)

.debug_addr
 *(.debug_addr .debug_addr.*)

.debug_aranges
 *(.debug_aranges .debug_aranges.*)

.debug_ranges
 *(.debug_ranges .debug_ranges.*)

.debug_rnglists
 *(.debug_rnglists .debug_rnglists.*)

.debug_loc
 *(.debug_loc .debug_loc.*)

.debug_loclists
 *(.debug_loclists .debug_loclists.*)

.debug_frame
 *(.debug_frame .debug_frame.*)

.debug_macro
 *(.debug_macro .debug_macro.*)

.debug_macinfo
 *(.debug_macinfo .debug_macinfo.*)

.debug_names
 *(.debug_names .debug_names.*)

.debug_pubnames
 *(.debug_pubnames .debug_pubnames.*)

.debug_pubtypes
 *(.debug_pubtypes .debug_pubtypes.*)

.debug_types
 *(.debug_types .debug_types.*)

.debug_sup
 *(.debug_sup .debug_sup.*)

.debug_cu_index
 *(.debug_cu_index .debug_cu_index.*)

.debug_tu_index
 *(.debug_tu_index .debug_tu_index.*)

.gdb_index
 *(.gdb_index)

.debug_gdb_scripts
 *(.debug_gdb_scripts)

.debug_abbrev.dwo
 *(.debug_abbrev.dwo .debug_abbrev.dwo.*)

.debug_info.dwo
 *(.debug_info.dwo .debug_info.dwo.*)

.debug_line.dwo
 *(.debug_line.dwo .debug_line.dwo.*)

.debug_loclists.dwo
 *(.debug_loclists.dwo .debug_loclists.dwo.*)

.debug_macro.dwo
 *(.debug_macro.dwo .debug_macro.dwo.*)

.debug_rnglists.dwo
 *(.debug_rnglists.dwo .debug_rnglists.dwo.*)

.debug_str.dwo
 *(.debug_str.dwo .debug_str.dwo.*)

.debug_str_offsets.dwo
 *(.debug_str_offsets.dwo .debug_str_offsets.dwo.*)

.eh_frame
 *(.eh_frame)

.eh_frame_hdr
 *(.eh_frame_hdr)

/DISCARD/
 *(.comment)
 *(.note*)
                [!provide]                        PROVIDE (___runprgm_reloc_len = (___runprgm_reloc_end - ___runprgm_reloc_start))
LOAD obj/MLUA.o
LOAD obj/crt0.o
START GROUP
LOAD /home/tornadus/CEdev/lib/libc/allocator_standard.a
LOAD /home/tornadus/CEdev/lib/crt/libcrt.a
LOAD /home/tornadus/CEdev/lib/ce/libce.a
LOAD /home/tornadus/CEdev/lib/softfloat/libsoftfloat.a
LOAD /home/tornadus/CEdev/lib/libc/libc_os.a
LOAD /home/tornadus/CEdev/lib/libcxx/libcxx.a
END GROUP
OUTPUT(bin/MLUA.obj elf32-z80)
